Archive member included to satisfy reference by file (symbol)

mini_tree/libmini_tree.a(board_driver.c.obj)
                              CMakeFiles/ch307_node.dir/app/src/main.cpp.obj (board_register_all_drivers)
mini_tree/libmini_tree.a(board_devtable.c.obj)
                              mini_tree/libmini_tree.a(board_driver.c.obj) (board_dev_count)
mini_tree/libmini_tree.a(board_probe.c.obj)
                              mini_tree/libmini_tree.a(board_driver.c.obj) (board_probe_get_fn)
mini_tree/libmini_tree.a(production_log.c.obj)
                              mini_tree/libmini_tree.a(board_driver.c.obj) (production_log_push_fmt)
mini_tree/libmini_tree.a(system_init.cpp.obj)
                              CMakeFiles/ch307_node.dir/app/src/main.cpp.obj (system_init_complete)
mini_tree/libmini_tree.a(system_wdt.cpp.obj)
                              mini_tree/libmini_tree.a(system_init.cpp.obj) (system_wdt_init_iwdg)
mini_tree/libmini_tree.a(safe_state.c.obj)
                              mini_tree/libmini_tree.a(system_init.cpp.obj) (safe_state_clear_bootloop)
mini_tree/libmini_tree.a(interrupt.c.obj)
                              mini_tree/libmini_tree.a(system_init.cpp.obj) (interrupt_bottom_half_poll)
mini_tree/libmini_tree.a(xtask_preempt.c.obj)
                              CMakeFiles/ch307_node.dir/app/src/main.cpp.obj (xscheduler_start)
mini_tree/libmini_tree.a(osal_null.c.obj)
                              mini_tree/libmini_tree.a(interrupt.c.obj) (osal_in_isr)
mini_tree/libmini_tree.a(hal_iwdg.c.obj)
                              mini_tree/libmini_tree.a(system_wdt.cpp.obj) (hal_iwdg_init)
mini_tree/libmini_tree.a(hal_platform_safety.c.obj)
                              mini_tree/libmini_tree.a(safe_state.c.obj) (hal_platform_critical_hardware_lock)
mini_tree/libmini_tree.a(hal_systick.c.obj)
                              mini_tree/libmini_tree.a(xtask_preempt.c.obj) (hal_systick_init)
mini_tree/libmini_tree.a(board_device.c.obj)
                              mini_tree/libmini_tree.a(board_driver.c.obj) (board_dev_get)
mini_tree/libmini_tree.a(dev_lifecycle.c.obj)
                              mini_tree/libmini_tree.a(board_device.c.obj) (dev_lc_init)
mini_tree/libmini_tree.a(printf_output.c.obj)
                              mini_tree/libmini_tree.a(osal_null.c.obj) (my_printf_output)
mini_tree/libmini_tree.a(event_bus.c.obj)
                              mini_tree/libmini_tree.a(system_init.cpp.obj) (event_bus_init)
mini_tree/libmini_tree.a(circle_fifo_buffer.c.obj)
                              mini_tree/libmini_tree.a(interrupt.c.obj) (fifo_init)
hal/libch32_periph.a(ch32v30x_gpio.c.obj)
                              hal/CMakeFiles/ch32_hal.dir/hal_gpio_ch32v30x.c.obj (GPIO_Init)
hal/libch32_periph.a(ch32v30x_rcc.c.obj)
                              hal/CMakeFiles/ch32_hal.dir/hal_adc_ch32v30x.c.obj (RCC_ADCCLKConfig)
hal/libch32_periph.a(ch32v30x_usart.c.obj)
                              hal/CMakeFiles/ch32_hal.dir/hal_uart_ch32v30x.c.obj (USART_Init)
hal/libch32_periph.a(ch32v30x_spi.c.obj)
                              hal/CMakeFiles/ch32_hal.dir/hal_spi_ch32v30x.c.obj (SPI_Init)
hal/libch32_periph.a(ch32v30x_i2c.c.obj)
                              hal/CMakeFiles/ch32_hal.dir/hal_i2c_ch32v30x.c.obj (I2C_Init)
hal/libch32_periph.a(ch32v30x_tim.c.obj)
                              hal/CMakeFiles/ch32_hal.dir/hal_tim_ch32v30x.c.obj (TIM_TimeBaseInit)
hal/libch32_periph.a(ch32v30x_adc.c.obj)
                              hal/CMakeFiles/ch32_hal.dir/hal_adc_ch32v30x.c.obj (ADC_DeInit)
hal/libch32_periph.a(ch32v30x_dma.c.obj)
                              hal/CMakeFiles/ch32_hal.dir/hal_uart_ch32v30x.c.obj (DMA_Init)
d:/mounriver_studio2/resources/app/resources/win32/components/wch/toolchain/risc-v embedded gcc12/bin/../lib/gcc/riscv-wch-elf/12.2.0\libgcc.a(_clzsi2.o)
                              mini_tree/libmini_tree.a(xtask_preempt.c.obj) (__clzsi2)
d:/mounriver_studio2/resources/app/resources/win32/components/wch/toolchain/risc-v embedded gcc12/bin/../lib/gcc/riscv-wch-elf/12.2.0\libgcc.a(_ctzsi2.o)
                              hal/CMakeFiles/ch32_hal.dir/hal_gpio_ch32v30x.c.obj (__ctzsi2)
d:/mounriver_studio2/resources/app/resources/win32/components/wch/toolchain/risc-v embedded gcc12/bin/../lib/gcc/riscv-wch-elf/12.2.0\libgcc.a(_udivdi3.o)
                              hal/CMakeFiles/ch32_hal.dir/hal_uart_ch32v30x.c.obj (__udivdi3)
d:/mounriver_studio2/resources/app/resources/win32/components/wch/toolchain/risc-v embedded gcc12/bin/../lib/gcc/riscv-wch-elf/12.2.0\libgcc.a(_clz.o)
                              d:/mounriver_studio2/resources/app/resources/win32/components/wch/toolchain/risc-v embedded gcc12/bin/../lib/gcc/riscv-wch-elf/12.2.0\libgcc.a(_clzsi2.o) (__clz_tab)
d:/mounriver_studio2/resources/app/resources/win32/components/wch/toolchain/risc-v embedded gcc12/bin/../lib/gcc/riscv-wch-elf/12.2.0/../../../../riscv-wch-elf/lib\libg_nano.a(lib_a-calloc.o)
[...]
Memory Configuration

Name             Origin             Length             Attributes
FLASH            0x0000000000000000 0x0000000000048000 xr
RAM              0x0000000020000000 0x0000000000008000 xrw
*default*        0x0000000000000000 0xffffffffffffffff

Linker script and memory map

LOAD C:/device_platform/CH32V307/Host-Device-Architecture-CH32V307-node/mini_tree/error_symbols.ld
                0x00000000fffff000                PROVIDE (ERR_SECTION_BASE = 0xfffff000)
LOAD hal/CMakeFiles/ch32_hal.dir/hal_gpio_ch32v30x.c.obj
LOAD hal/CMakeFiles/ch32_hal.dir/hal_uart_ch32v30x.c.obj
LOAD hal/CMakeFiles/ch32_hal.dir/hal_spi_ch32v30x.c.obj
LOAD hal/CMakeFiles/ch32_hal.dir/hal_i2c_ch32v30x.c.obj
LOAD hal/CMakeFiles/ch32_hal.dir/hal_tim_ch32v30x.c.obj
LOAD hal/CMakeFiles/ch32_hal.dir/hal_adc_ch32v30x.c.obj
LOAD CMakeFiles/ch307_node.dir/SRC/Core/system_ch32v30x.c.obj
LOAD CMakeFiles/ch307_node.dir/SRC/Core/core_riscv.c.obj
LOAD CMakeFiles/ch307_node.dir/SRC/Debug/debug.c.obj
LOAD CMakeFiles/ch307_node.dir/SRC/User/ch32v30x_it.c.obj
LOAD CMakeFiles/ch307_node.dir/SRC/Startup/startup_ch32v30x_D8C.S.obj
LOAD CMakeFiles/ch307_node.dir/app/src/main.cpp.obj
LOAD CMakeFiles/ch307_node.dir/hal/atomic_stub.c.obj
LOAD mini_tree/libmini_tree.a
LOAD hal/libch32_periph.a
LOAD d:/mounriver_studio2/resources/app/resources/win32/components/wch/toolchain/risc-v embedded gcc12/bin/../lib/gcc/riscv-wch-elf/12.2.0/../../../../riscv-wch-elf/lib\libnosys.a
LOAD d:/mounriver_studio2/resources/app/resources/win32/components/wch/toolchain/risc-v embedded gcc12/bin/../lib/gcc/riscv-wch-elf/12.2.0/../../../../riscv-wch-elf/lib\libsupc++_nano.a
LOAD d:/mounriver_studio2/resources/app/resources/win32/components/wch/toolchain/risc-v embedded gcc12/bin/../lib/gcc/riscv-wch-elf/12.2.0/../../../../riscv-wch-elf/lib\libstdc++_nano.a
LOAD d:/mounriver_studio2/resources/app/resources/win32/components/wch/toolchain/risc-v embedded gcc12/bin/../lib/gcc/riscv-wch-elf/12.2.0/../../../../riscv-wch-elf/lib\libm_nano.a
LOAD d:/mounriver_studio2/resources/app/resources/win32/components/wch/toolchain/risc-v embedded gcc12/bin/../lib/gcc/riscv-wch-elf/12.2.0\libgcc.a
LOAD d:/mounriver_studio2/resources/app/resources/win32/components/wch/toolchain/risc-v embedded gcc12/bin/../lib/gcc/riscv-wch-elf/12.2.0/../../../../riscv-wch-elf/lib\libg_nano.a
LOAD d:/mounriver_studio2/resources/app/resources/win32/components/wch/toolchain/risc-v embedded gcc12/bin/../lib/gcc/riscv-wch-elf/12.2.0/../../../../riscv-wch-elf/lib\libc_nano.a
LOAD d:/mounriver_studio2/resources/app/resources/win32/components/wch/toolchain/risc-v embedded gcc12/bin/../lib/gcc/riscv-wch-elf/12.2.0\libgcc.a
START GROUP
LOAD d:/mounriver_studio2/resources/app/resources/win32/components/wch/toolchain/risc-v embedded gcc12/bin/../lib/gcc/riscv-wch-elf/12.2.0\libgcc.a
LOAD d:/mounriver_studio2/resources/app/resources/win32/components/wch/toolchain/risc-v embedded gcc12/bin/../lib/gcc/riscv-wch-elf/12.2.0/../../../../riscv-wch-elf/lib\libc_nano.a
LOAD d:/mounriver_studio2/resources/app/resources/win32/components/wch/toolchain/risc-v embedded gcc12/bin/../lib/gcc/riscv-wch-elf/12.2.0/../../../../riscv-wch-elf/lib\libnosys.a
END GROUP
START GROUP
LOAD d:/mounriver_studio2/resources/app/resources/win32/components/wch/toolchain/risc-v embedded gcc12/bin/../lib/gcc/riscv-wch-elf/12.2.0\libgcc.a
LOAD d:/mounriver_studio2/resources/app/resources/win32/components/wch/toolchain/risc-v embedded gcc12/bin/../lib/gcc/riscv-wch-elf/12.2.0/../../../../riscv-wch-elf/lib\libc_nano.a
LOAD d:/mounriver_studio2/resources/app/resources/win32/components/wch/toolchain/risc-v embedded gcc12/bin/../lib/gcc/riscv-wch-elf/12.2.0/../../../../riscv-wch-elf/lib\libnosys.a
END GROUP
                0x0000000000000400                __stack_size = 0x400
                [!provide]                        PROVIDE (_stack_size = __stack_size)

.init           0x0000000000000000        0x4
                0x0000000000000000                _sinit = .
                0x0000000000000000                . = ALIGN (0x4)
 *(SORT_NONE(.init))
 .init          0x0000000000000000        0x4 CMakeFiles/ch307_node.dir/SRC/Startup/startup_ch32v30x_D8C.S.obj
                0x0000000000000000                _start
                0x0000000000000004                . = ALIGN (0x4)
                0x0000000000000004                _einit = .

.vector         0x0000000000000004      0x1bc
 *(.vector)
 .vector        0x0000000000000004      0x1a0 CMakeFiles/ch307_node.dir/SRC/Startup/startup_ch32v30x_D8C.S.obj
                0x00000000000001c0                . = ALIGN (0x40)
 *fill*         0x00000000000001a4       0x1c 

.text           0x00000000000001c0     0x8f04
                0x00000000000001c0                . = ALIGN (0x4)
 *(.text)
 .text          0x00000000000001c0     0x1200 hal/CMakeFiles/ch32_hal.dir/hal_tim_ch32v30x.c.obj
                0x0000000000000a7a                hal_tim_device_init
                0x0000000000000acc                hal_tim_device_deinit
                0x0000000000000afa                hal_tim_open
                0x0000000000000b70                hal_tim_close
                0x0000000000000bd0                hal_tim_pwm_update
                0x0000000000000d00                hal_tim_interrupt_config
                0x0000000000000d5c                hal_tim_get_counter
                0x0000000000000dac                hal_tim_get_capture_value
                0x0000000000000e18                hal_tim_get_encoder_value
                0x0000000000000e3e                hal_tim_get_hall_value
                0x0000000000000e58                hal_tim_force_stop
                0x0000000000000ea0                hal_tim_encoder_start
                0x0000000000000f56                hal_tim_hall_start
                0x0000000000000f6c                hal_tim_set_counter
                0x0000000000000fac                hal_tim_set_autoreload
                0x0000000000000fec                hal_tim_get_autoreload
                0x0000000000001034                hal_tim_set_prescaler
                0x0000000000001074                hal_tim_get_prescaler
                0x00000000000010bc                hal_tim_set_clock_division
                0x0000000000001128                hal_tim_get_clock_division
                0x0000000000001172                hal_tim_set_counter_mode
                0x0000000000001206                hal_tim_get_counter_mode
                0x0000000000001258                hal_tim_enable_arr_preload
                0x00000000000012a8                hal_tim_disable_arr_preload
                0x00000000000012f8                hal_tim_base_start
                0x0000000000001332                hal_tim_base_stop
                0x000000000000136c                hal_tim_clear_update_flag
 .text          0x00000000000013c0      0x258 CMakeFiles/ch307_node.dir/SRC/Core/system_ch32v30x.c.obj
                0x0000000000001484                SystemInit
                0x00000000000014e0                SystemCoreClockUpdate
 .text          0x0000000000001618      0x1b6 CMakeFiles/ch307_node.dir/SRC/Debug/debug.c.obj
                0x0000000000001618                Delay_Init
                0x0000000000001646                Delay_Us
                0x0000000000001684                Delay_Ms
                0x00000000000016c6                USART_Printf_Init
                0x000000000000172e                SDI_Printf_Enable
                0x0000000000001746                _write
                0x0000000000001798                _sbrk
 .text          0x00000000000017ce        0x6 CMakeFiles/ch307_node.dir/SRC/User/ch32v30x_it.c.obj
                0x00000000000017ce                NMI_Handler
                0x00000000000017d2                HardFault_Handler
 .text          0x00000000000017d4       0x1c CMakeFiles/ch307_node.dir/app/src/main.cpp.obj
                0x00000000000017d4                ch307_node_main
 .text          0x00000000000017f0       0x4c CMakeFiles/ch307_node.dir/hal/atomic_stub.c.obj
                0x00000000000017f0                __atomic_exchange_1
                0x0000000000001808                __atomic_compare_exchange_1
 .text          0x000000000000183c      0x7e8 mini_tree/libmini_tree.a(board_driver.c.obj)
                0x0000000000001a4c                board_safety_add_pin
                0x0000000000001a4e                board_safety_register_shutdown
                0x0000000000001a50                system_safety_hardware_shutdown
                0x0000000000001b20                board_register_all_drivers
                0x0000000000001b22                board_driver_probe_all
                0x0000000000001f5c                board_driver_remove_all
 .text          0x0000000000002024      0x106 mini_tree/libmini_tree.a(board_devtable.c.obj)
                0x0000000000002024                board_node_get
                0x000000000000203e                board_dev_count
                0x0000000000002042                board_dev_find
                0x0000000000002088                board_dev_find_by_compat
                0x00000000000020d4                board_dev_find_by_label
 .text          0x000000000000212a       0x32 mini_tree/libmini_tree.a(board_probe.c.obj)
                0x000000000000212a                board_probe_get_fn
                0x000000000000212e                board_remove_get_fn
                0x0000000000002132                board_probe_order
                0x0000000000002138                board_probe_order_count
                0x000000000000213c                board_cascade_get
                0x000000000000214c                board_children_get
 .text          0x000000000000215c       0x38 mini_tree/libmini_tree.a(production_log.c.obj)
                0x000000000000215c                production_log_init
                0x0000000000002160                production_log_push
                0x0000000000002162                production_log_push_fmt
                0x0000000000002172                production_log_count
                0x0000000000002176                production_log_get
                0x000000000000217a                production_log_dump
 .text          0x0000000000002194      0x150 mini_tree/libmini_tree.a(system_init.cpp.obj)
                0x0000000000002194                mini_tree::system_pre_os_init()
                0x0000000000002242                mini_tree::system_start_tasks()
                0x00000000000022b2                system_init_complete
                0x00000000000022b8                mini_tree_pre_os_init
                0x00000000000022c4                mini_tree_start_tasks
                0x00000000000022d0                mini_tree_system_loop
 .text          0x00000000000022e4      0x26e mini_tree/libmini_tree.a(system_wdt.cpp.obj)
                0x00000000000022e4                system_wdt_init_iwdg
                0x000000000000234a                system_wdt_iwdg_set_long_timeout
                0x000000000000237a                system_wdt_iwdg_restore_timeout
                0x00000000000023b2                system_wdt_feed_iwdg
                0x00000000000023cc                system_wdt_stack_monitor_register
                0x000000000000241e                system_wdt_stack_check_all
                0x00000000000024f6                system_wdt_init
                0x0000000000002528                system_wdt_subscribe
                0x000000000000253c                system_wdt_unsubscribe
                0x0000000000002550                system_wdt_feed
 .text          0x0000000000002552       0x4e mini_tree/libmini_tree.a(safe_state.c.obj)
                0x0000000000002552                safe_state_clear_bootloop
                0x0000000000002558                enter_safe_state
                0x000000000000256c                safe_state_check_bootloop
                0x0000000000002592                safe_state_nmi_emergency_stamp
 .text          0x00000000000025a0      0x210 mini_tree/libmini_tree.a(interrupt.c.obj)
                0x00000000000025a0                interrupt_virtual_register
                0x00000000000025bc                interrupt_hw_enable
                0x00000000000025be                interrupt_hw_disable
                0x00000000000025c0                hal_virtual_adc_irq_callback
                0x00000000000025c4                hal_virtual_i2s_irq_callback
                0x00000000000025c8                hal_virtual_spi_irq_callback
                0x00000000000025cc                hal_virtual_can_irq_callback
                0x00000000000025d0                hal_virtual_dac_irq_callback
                0x00000000000025d4                hal_virtual_tim_irq_callback
                0x00000000000025d8                hal_virtual_uart_irq_callback
                0x00000000000025dc                hal_adc_dma_bottom_half_handler
                0x00000000000025de                hal_i2s_dma_bottom_half_handler
                0x00000000000025e0                bottom_half_run_pending
                0x000000000000268a                bottom_half_poller_run
                0x00000000000026d4                interrupt_bottom_half_init
                0x00000000000026f0                interrupt_bottom_half_submit
                0x000000000000275e                interrupt_virtual_dispatch
                0x00000000000027a0                interrupt_bottom_half_poll
 .text          0x00000000000027b0      0x44a mini_tree/libmini_tree.a(xtask_preempt.c.obj)
                0x000000000000291a                x_scheduler_now
                0x0000000000002920                x_scheduler_current
                0x000000000000296c                xscheduler_start
                0x0000000000002992                x_scheduler_task_create
                0x0000000000002a3e                x_scheduler_tick
                0x0000000000002a5e                hal_systick_irq_handler
                0x0000000000002a72                scheduler_tim_isr_top
                0x0000000000002b76                x_task_run_preempt
                0x0000000000002bea                x_scheduler_poll
 .text          0x0000000000002bfa      0xb5a mini_tree/libmini_tree.a(osal_null.c.obj)
                0x0000000000002d50                osal_null_isr_enter
                0x0000000000002d5c                osal_null_isr_exit
                0x0000000000002d6e                osal_in_isr
                0x0000000000002d80                osal_pool_init
                0x0000000000002dd8                osal_pool_claim
                0x0000000000002e28                osal_pool_release
                0x0000000000002e68                osal_pool_is_used
                0x0000000000002e98                osal_spinlock_init
                0x0000000000002eaa                osal_spinlock_lock
                0x0000000000002ec6                osal_spinlock_unlock
                0x0000000000002ef0                osal_time_ms
                0x0000000000002ef6                osal_delay_ms
                0x0000000000002f46                osal_delay_us
                0x0000000000002f5a                osal_ticks_from_ms
                0x0000000000002f5c                osal_timeout_to_ticks
                0x0000000000002f5e                osal_calloc
                0x0000000000002f6c                osal_free
                0x0000000000002f7c                osal_mutex_create_typed
                0x0000000000002fec                osal_mutex_create_static_typed
                0x000000000000303e                osal_mutex_create
                0x000000000000304c                osal_mutex_create_static
                0x000000000000305a                osal_mutex_create_recursive
                0x0000000000003068                osal_mutex_create_static_recursive
                0x0000000000003076                osal_mutex_create_plain
                0x0000000000003084                osal_mutex_create_static_plain
                0x0000000000003092                osal_mutex_destroy
                0x00000000000030ee                osal_mutex_lock
                0x000000000000314c                osal_mutex_unlock
                0x00000000000031a6                osal_task_create
                0x00000000000031ac                osal_task_create_handle
                0x00000000000031be                osal_task_self_delete
                0x00000000000031c4                osal_task_delete
                0x00000000000031c6                osal_task_is_running
                0x00000000000031ca                osal_task_get_name
                0x00000000000031d4                osal_task_get_stack_watermark
                0x00000000000031ee                osal_sem_create_binary
                0x0000000000003234                osal_sem_create_binary_static
                0x000000000000325c                osal_sem_destroy
                0x00000000000032a2                osal_sem_wait
                0x00000000000032f4                osal_sem_post
                0x0000000000003308                osal_sem_post_from_isr
                0x0000000000003314                osal_yield_from_isr
                0x0000000000003316                osal_queue_create
                0x00000000000033c0                osal_queue_delete
                0x0000000000003404                osal_queue_send
                0x000000000000342a                osal_queue_send_from_isr
                0x0000000000003438                osal_queue_receive
                0x0000000000003584                osal_queue_receive_from_isr
                0x000000000000363e                safety_hardware_shutdown
                0x0000000000003640                osal_panic_interlock
                0x0000000000003642                osal_sched_freeze
                0x000000000000364c                osal_int_freeze
                0x0000000000003656                osal_log
                0x00000000000036ac                osal_log_fatal
                0x00000000000036fa                osal_log_critical_assert
 .text          0x0000000000003754       0x24 mini_tree/libmini_tree.a(hal_iwdg.c.obj)
                0x0000000000003754                hal_iwdg_init
                0x000000000000375a                hal_iwdg_start
                0x0000000000003760                hal_iwdg_feed
                0x0000000000003766                hal_iwdg_set_timeout_ms
                0x000000000000376c                hal_iwdg_set_long_timeout
                0x0000000000003772                hal_iwdg_restore_timeout
 .text          0x0000000000003778        0xa mini_tree/libmini_tree.a(hal_platform_safety.c.obj)
                0x0000000000003778                hal_platform_critical_hardware_lock
                0x000000000000377c                hal_pwm_force_stop_all
                0x0000000000003780                hal_platform_nmi_emergency_stamp
 .text          0x0000000000003782        0xc mini_tree/libmini_tree.a(hal_systick.c.obj)
                0x0000000000003782                hal_systick_init
                0x0000000000003788                hal_systick_deinit
 .text          0x000000000000378e      0xba8 mini_tree/libmini_tree.a(board_device.c.obj)
                0x00000000000039b6                board_dev_get
                0x00000000000039d6                device_find
                0x0000000000003a00                device_find_by_label
                0x0000000000003a2a                device_find_by_id
                0x0000000000003a36                device_find_by_path
                0x0000000000003a86                device_find_by_compatible
                0x0000000000003ab0                device_get_parent
                0x0000000000003ae2                device_get_prop_int
                0x0000000000003b52                device_get_prop_int_array
                0x0000000000003c36                device_get_prop_str
                0x0000000000003ca2                device_get_phandle_dev
                0x0000000000003cce                device_get_prop_bool
                0x0000000000003cda                device_get_reg
                0x0000000000003d1a                device_get_irq
                0x0000000000003d5a                device_get_name
                0x0000000000003d74                device_get_compatible
                0x0000000000003d8e                device_get_status
                0x0000000000003da8                device_get_criticality
                0x0000000000003dcc                device_set_status
                0x0000000000003e14                device_set_priv
                0x0000000000003e20                device_get_priv
                0x0000000000003e3c                device_get_first
                0x0000000000003e5c                device_get_next
                0x0000000000003eca                device_get_count
                0x0000000000003ed8                device_lock
                0x0000000000003efe                device_unlock
                0x0000000000003f20                device_open
                0x0000000000003f9e                device_close
                0x0000000000003ff8                device_write
                0x0000000000004052                device_read
                0x00000000000040ac                device_ioctl
                0x000000000000410e                device_suspend
                0x000000000000416a                device_resume
                0x00000000000041c6                device_ops_unregister
                0x0000000000004206                device_lc
                0x0000000000004216                device_lc_bind
                0x0000000000004228                device_tree_init
 .text          0x0000000000004336      0x210 mini_tree/libmini_tree.a(dev_lifecycle.c.obj)
                0x0000000000004336                dev_lc_init
                0x000000000000435c                dev_lc_reset
                0x0000000000004380                dev_lc_state
                0x000000000000438e                dev_lc_opens
                0x00000000000043a4                dev_lc_io_active_count
                0x00000000000043ba                dev_lc_open_begin
                0x00000000000043f6                dev_lc_open_end
                0x00000000000043f8                dev_lc_open_abort
                0x0000000000004406                dev_lc_close_begin
                0x0000000000004436                dev_lc_close_end
                0x0000000000004438                dev_lc_io_begin
                0x0000000000004476                dev_lc_io_end
                0x0000000000004488                dev_lc_remove_start
                0x000000000000449a                dev_lc_remove_drain
                0x0000000000004536                dev_lc_remove_finish
 .text          0x0000000000004546       0x20 mini_tree/libmini_tree.a(printf_output.c.obj)
                0x0000000000004546                my_printf_output
 .text          0x0000000000004566      0x4c0 mini_tree/libmini_tree.a(event_bus.c.obj)
                0x0000000000004732                event_bus_init
                0x00000000000047f4                event_bus_subscribe
                0x00000000000048ba                event_bus_post
                0x00000000000048e4                event_bus_post_from_isr
                0x00000000000048f4                event_bus_dropped_count
                0x00000000000048fe                event_bus_start
                0x0000000000004986                event_bus_stop
                0x0000000000004a1a                event_bus_seal
 .text          0x0000000000004a26      0x652 mini_tree/libmini_tree.a(circle_fifo_buffer.c.obj)
                0x0000000000004a26                fifo_init
                0x0000000000004a64                fifo_write_data
                0x0000000000004aaa                fifo_write_block
                0x0000000000004b88                fifo_read_data
                0x0000000000004bd0                fifo_read_block
                0x0000000000004ca4                fifo_get_count
                0x0000000000004cce                fifo_isempty
                0x0000000000004cf8                fifo_isfull
                0x0000000000004d2a                fifo_uni_init
                0x0000000000004d72                fifo_uni_write_block
                0x0000000000004e5a                fifo_uni_read_block
                0x0000000000004f38                fifo_uni_write_acquire
                0x0000000000004f80                fifo_uni_write_commit
                0x0000000000004f98                fifo_uni_read_peek
                0x0000000000004fda                fifo_uni_read_release
                0x0000000000004ff2                fifo_uni_get_count
                0x000000000000501c                fifo_uni_isempty
                0x0000000000005046                fifo_uni_isfull
 .text          0x0000000000005078      0x5ee hal/libch32_periph.a(ch32v30x_gpio.c.obj)
                0x0000000000005078                GPIO_DeInit
                0x000000000000511c                GPIO_AFIODeInit
                0x0000000000005136                GPIO_Init
                0x000000000000520e                GPIO_StructInit
                0x000000000000521e                GPIO_ReadInputDataBit
                0x000000000000522c                GPIO_ReadInputData
                0x0000000000005234                GPIO_ReadOutputDataBit
                0x0000000000005242                GPIO_ReadOutputData
                0x000000000000524a                GPIO_SetBits
                0x000000000000524e                GPIO_ResetBits
                0x0000000000005252                GPIO_WriteBit
                0x000000000000525c                GPIO_Write
                0x0000000000005260                GPIO_PinLockConfig
                0x0000000000005270                GPIO_EventOutputConfig
                0x0000000000005288                GPIO_EventOutputCmd
                0x00000000000052a6                GPIO_PinRemapConfig
                0x0000000000005396                GPIO_EXTILineConfig
                0x00000000000053c2                GPIO_ETH_MediaInterfaceConfig
                0x00000000000053e6                GPIO_IPD_Unused
 .text          0x0000000000005666      0x758 hal/libch32_periph.a(ch32v30x_rcc.c.obj)
                0x0000000000005666                RCC_DeInit
                0x00000000000056b8                RCC_HSEConfig
                0x0000000000005700                RCC_AdjustHSICalibrationValue
                0x0000000000005712                RCC_HSICmd
                0x000000000000572e                RCC_PLLConfig
                0x0000000000005760                RCC_PLLCmd
                0x0000000000005784                RCC_SYSCLKConfig
                0x0000000000005792                RCC_GetSYSCLKSource
                0x000000000000579c                RCC_HCLKConfig
                0x00000000000057ac                RCC_PCLK1Config
                0x00000000000057bc                RCC_PCLK2Config
                0x00000000000057d2                RCC_ITConfig
                0x00000000000057f8                RCC_ADCCLKConfig
                0x000000000000580a                RCC_LSEConfig
                0x000000000000583c                RCC_LSICmd
                0x0000000000005858                RCC_RTCCLKConfig
                0x0000000000005864                RCC_RTCCLKCmd
                0x0000000000005884                RCC_GetClocksFreq
                0x0000000000005a50                RCC_AHBPeriphClockCmd
                0x0000000000005a6e                RCC_APB2PeriphClockCmd
                0x0000000000005a8c                RCC_APB1PeriphClockCmd
                0x0000000000005aaa                RCC_APB2PeriphResetCmd
                0x0000000000005ac8                RCC_APB1PeriphResetCmd
                0x0000000000005ae6                RCC_BackupResetCmd
                0x0000000000005b06                RCC_ClockSecuritySystemCmd
                0x0000000000005b2a                RCC_MCOConfig
                0x0000000000005b34                RCC_GetFlagStatus
                0x0000000000005b66                RCC_WaitForHSEStartUp
                0x0000000000005b92                RCC_ClearFlag
                0x0000000000005ba2                RCC_GetITStatus
                0x0000000000005bb0                RCC_ClearITPendingBit
                0x0000000000005bba                RCC_PREDIV1Config
                0x0000000000005bce                RCC_PREDIV2Config
                0x0000000000005bde                RCC_PLL2Config
                0x0000000000005bf2                RCC_PLL2Cmd
                0x0000000000005c16                RCC_PLL3Config
                0x0000000000005c28                RCC_PLL3Cmd
                0x0000000000005c4c                RCC_USBFSCLKConfig
                0x0000000000005c66                RCC_I2S2CLKConfig
                0x0000000000005c7e                RCC_I2S3CLKConfig
                0x0000000000005c98                RCC_AHBPeriphResetCmd
                0x0000000000005cb6                RCC_ADCCLKADJcmd
                0x0000000000005cda                RCC_RNGCLKConfig
                0x0000000000005cf4                RCC_ETH1GCLKConfig
                0x0000000000005d0e                RCC_ETH1G_125Mcmd
                0x0000000000005d32                RCC_USBHSConfig
                0x0000000000005d4c                RCC_USBHSPLLCLKConfig
                0x0000000000005d66                RCC_USBHSPLLCKREFCLKConfig
                0x0000000000005d80                RCC_USBHSPHYPLLALIVEcmd
                0x0000000000005da4                RCC_USBCLK48MConfig
 .text          0x0000000000005dbe      0x4e0 hal/libch32_periph.a(ch32v30x_usart.c.obj)
                0x0000000000005dbe                USART_DeInit
                0x0000000000005ecc                USART_Init
                0x0000000000005f98                USART_StructInit
                0x0000000000005fb8                USART_ClockInit
                0x0000000000005fe4                USART_ClockStructInit
                0x0000000000005ff6                USART_Cmd
                0x000000000000601a                USART_ITConfig
                0x0000000000006050                USART_DMACmd
                0x000000000000606e                USART_SetAddress
                0x000000000000608c                USART_WakeUpConfig
                0x00000000000060a8                USART_ReceiverWakeUpCmd
                0x00000000000060cc                USART_LINBreakDetectLengthConfig
                0x00000000000060ec                USART_LINCmd
                0x0000000000006110                USART_SendData
                0x000000000000611a                USART_ReceiveData
                0x0000000000006124                USART_SendBreak
                0x0000000000006132                USART_SetGuardTime
                0x000000000000614c                USART_SetPrescaler
                0x000000000000616c                USART_SmartCardCmd
                0x0000000000006192                USART_SmartCardNACKCmd
                0x00000000000061b6                USART_HalfDuplexCmd
                0x00000000000061da                USART_IrDAConfig
                0x00000000000061f8                USART_IrDACmd
                0x000000000000621c                USART_GetFlagStatus
                0x000000000000622c                USART_ClearFlag
                0x000000000000623a                USART_GetITStatus
                0x0000000000006284                USART_ClearITPendingBit
 .text          0x000000000000629e      0xf7e hal/libch32_periph.a(ch32v30x_tim.c.obj)
                0x00000000000063ce                TIM_DeInit
                0x000000000000650c                TIM_TimeBaseInit
                0x000000000000662c                TIM_OC1Init
                0x00000000000066d0                TIM_OC2Init
                0x00000000000067a8                TIM_OC3Init
                0x000000000000687e                TIM_OC4Init
                0x0000000000006922                TIM_BDTRConfig
                0x0000000000006954                TIM_TimeBaseStructInit
                0x000000000000696c                TIM_OCStructInit
                0x000000000000698e                TIM_ICStructInit
                0x00000000000069a6                TIM_BDTRStructInit
                0x00000000000069c4                TIM_Cmd
                0x00000000000069e8                TIM_CtrlPWMOutputs
                0x0000000000006a0c                TIM_ITConfig
                0x0000000000006a2a                TIM_GenerateEvent
                0x0000000000006a30                TIM_DMAConfig
                0x0000000000006a38                TIM_DMACmd
                0x0000000000006a56                TIM_InternalClockConfig
                0x0000000000006a6a                TIM_ETRConfig
                0x0000000000006a84                TIM_ETRClockMode1Config
                0x0000000000006aa2                TIM_ETRClockMode2Config
                0x0000000000006ac4                TIM_PrescalerConfig
                0x0000000000006ace                TIM_CounterModeConfig
                0x0000000000006ae2                TIM_SelectInputTrigger
                0x0000000000006af6                TIM_ITRxExternalClockConfig
                0x0000000000006b14                TIM_TIxExternalClockConfig
                0x0000000000006b54                TIM_EncoderInterfaceConfig
                0x0000000000006b9a                TIM_ForcedOC1Config
                0x0000000000006bae                TIM_ForcedOC2Config
                0x0000000000006bc6                TIM_ForcedOC3Config
                0x0000000000006bda                TIM_ForcedOC4Config
                0x0000000000006bf2                TIM_ARRPreloadConfig
                0x0000000000006c18                TIM_SelectCOM
                0x0000000000006c3c                TIM_SelectCCDMA
                0x0000000000006c60                TIM_CCPreloadControl
                0x0000000000006c84                TIM_OC1PreloadConfig
                0x0000000000006c96                TIM_OC2PreloadConfig
                0x0000000000006cb0                TIM_OC3PreloadConfig
                0x0000000000006cc2                TIM_OC4PreloadConfig
                0x0000000000006cdc                TIM_OC1FastConfig
                0x0000000000006cee                TIM_OC2FastConfig
                0x0000000000006d08                TIM_OC3FastConfig
                0x0000000000006d1a                TIM_OC4FastConfig
                0x0000000000006d34                TIM_ClearOC1Ref
                0x0000000000006d48                TIM_ClearOC2Ref
                0x0000000000006d60                TIM_ClearOC3Ref
                0x0000000000006d74                TIM_ClearOC4Ref
                0x0000000000006d8c                TIM_OC1PolarityConfig
                0x0000000000006d9e                TIM_OC1NPolarityConfig
                0x0000000000006db0                TIM_OC2PolarityConfig
                0x0000000000006dca                TIM_OC2NPolarityConfig
                0x0000000000006de4                TIM_OC3PolarityConfig
                0x0000000000006dfe                TIM_OC3NPolarityConfig
                0x0000000000006e18                TIM_OC4PolarityConfig
                0x0000000000006e30                TIM_CCxCmd
                0x0000000000006e5c                TIM_CCxNCmd
                0x0000000000006e88                TIM_SelectOCxM
                0x0000000000006ee2                TIM_UpdateDisableConfig
                0x0000000000006f06                TIM_UpdateRequestConfig
                0x0000000000006f2a                TIM_SelectHallSensor
                0x0000000000006f50                TIM_SelectOnePulseMode
                0x0000000000006f6e                TIM_SelectOutputTrigger
                0x0000000000006f8e                TIM_SelectSlaveMode
                0x0000000000006fac                TIM_SelectMasterSlaveMode
                0x0000000000006fcc                TIM_SetCounter
                0x0000000000006fd2                TIM_SetAutoreload
                0x0000000000006fd8                TIM_SetCompare1
                0x0000000000006fde                TIM_SetCompare2
                0x0000000000006fe4                TIM_SetCompare3
                0x0000000000006fea                TIM_SetCompare4
                0x0000000000006ff0                TIM_SetIC1Prescaler
                0x000000000000700e                TIM_SetIC2Prescaler
                0x0000000000007030                TIM_PWMIConfig
                0x00000000000070c2                TIM_SetIC3Prescaler
                0x00000000000070e0                TIM_SetIC4Prescaler
                0x0000000000007102                TIM_ICInit
                0x0000000000007190                TIM_SetClockDivision
                0x00000000000071b0                TIM_GetCapture1
                0x00000000000071b6                TIM_GetCapture2
                0x00000000000071bc                TIM_GetCapture3
                0x00000000000071c2                TIM_GetCapture4
                0x00000000000071c8                TIM_GetCounter
                0x00000000000071ce                TIM_GetPrescaler
                0x00000000000071d4                TIM_GetFlagStatus
                0x00000000000071e4                TIM_ClearFlag
                0x00000000000071f2                TIM_GetITStatus
                0x000000000000720e                TIM_ClearITPendingBit
 .text          0x000000000000721c       0x16 d:/mounriver_studio2/resources/app/resources/win32/components/wch/toolchain/risc-v embedded gcc12/bin/../lib/gcc/riscv-wch-elf/12.2.0/../../../../riscv-wch-elf/lib\libg_nano.a(lib_a-memcpy-asm.o)
                0x000000000000721c                memcpy
 .text          0x0000000000007232       0x10 d:/mounriver_studio2/resources/app/resources/win32/components/wch/toolchain/risc-v embedded gcc12/bin/../lib/gcc/riscv-wch-elf/12.2.0/../../../../riscv-wch-elf/lib\libg_nano.a(lib_a-memset.o)
                0x0000000000007232                memset
 .text          0x0000000000007242       0x18 d:/mounriver_studio2/resources/app/resources/win32/components/wch/toolchain/risc-v embedded gcc12/bin/../lib/gcc/riscv-wch-elf/12.2.0/../../../../riscv-wch-elf/lib\libg_nano.a(lib_a-strcmp.o)
                0x0000000000007242                strcmp
 *(.text.*)
 .text.vector_handler
                0x000000000000725a        0x2 CMakeFiles/ch307_node.dir/SRC/Startup/startup_ch32v30x_D8C.S.obj
                0x000000000000725a                EXTI2_IRQHandler
                0x000000000000725a                TIM8_TRG_COM_IRQHandler
                0x000000000000725a                TIM8_CC_IRQHandler
                0x000000000000725a                UART8_IRQHandler
                0x000000000000725a                TIM1_CC_IRQHandler
                0x000000000000725a                TIM6_IRQHandler
                0x000000000000725a                SysTick_Handler
                0x000000000000725a                PVD_IRQHandler
                0x000000000000725a                SDIO_IRQHandler
                0x000000000000725a                TIM9_BRK_IRQHandler
                0x000000000000725a                DMA2_Channel8_IRQHandler
                0x000000000000725a                CAN2_RX1_IRQHandler
                0x000000000000725a                EXTI3_IRQHandler
                0x000000000000725a                USBHS_IRQHandler
                0x000000000000725a                DMA2_Channel9_IRQHandler
                0x000000000000725a                TIM10_CC_IRQHandler
                0x000000000000725a                USBFS_IRQHandler
                0x000000000000725a                EXTI0_IRQHandler
                0x000000000000725a                I2C2_EV_IRQHandler
                0x000000000000725a                TIM10_TRG_COM_IRQHandler
                0x000000000000725a                CAN2_SCE_IRQHandler
                0x000000000000725a                ADC1_2_IRQHandler
                0x000000000000725a                Break_Point_Handler
                0x000000000000725a                SPI1_IRQHandler
                0x000000000000725a                TAMPER_IRQHandler
                0x000000000000725a                CAN2_RX0_IRQHandler
                0x000000000000725a                TIM8_UP_IRQHandler
                0x000000000000725a                Ecall_M_Mode_Handler
                0x000000000000725a                DMA2_Channel2_IRQHandler
                0x000000000000725a                DMA1_Channel4_IRQHandler
                0x000000000000725a                TIM9_UP_IRQHandler
                0x000000000000725a                USART3_IRQHandler
                0x000000000000725a                RTC_IRQHandler
                0x000000000000725a                DMA1_Channel7_IRQHandler
                0x000000000000725a                CAN1_RX1_IRQHandler
                0x000000000000725a                DVP_IRQHandler
                0x000000000000725a                UART5_IRQHandler
                0x000000000000725a                TIM4_IRQHandler
                0x000000000000725a                DMA2_Channel1_IRQHandler
                0x000000000000725a                I2C1_EV_IRQHandler
                0x000000000000725a                DMA1_Channel6_IRQHandler
                0x000000000000725a                UART4_IRQHandler
                0x000000000000725a                DMA2_Channel4_IRQHandler
                0x000000000000725a                TIM3_IRQHandler
                0x000000000000725a                RCC_IRQHandler
                0x000000000000725a                TIM1_TRG_COM_IRQHandler
                0x000000000000725a                DMA1_Channel1_IRQHandler
                0x000000000000725a                DMA2_Channel7_IRQHandler
                0x000000000000725a                EXTI15_10_IRQHandler
                0x000000000000725a                TIM7_IRQHandler
                0x000000000000725a                CAN2_TX_IRQHandler
                0x000000000000725a                TIM5_IRQHandler
                0x000000000000725a                EXTI9_5_IRQHandler
                0x000000000000725a                ETH_WKUP_IRQHandler
                0x000000000000725a                SPI2_IRQHandler
                0x000000000000725a                TIM10_BRK_IRQHandler
                0x000000000000725a                TIM9_CC_IRQHandler
                0x000000000000725a                DMA2_Channel5_IRQHandler
                0x000000000000725a                DMA1_Channel5_IRQHandler
                0x000000000000725a                EXTI4_IRQHandler
                0x000000000000725a                USB_LP_CAN1_RX0_IRQHandler
                0x000000000000725a                RNG_IRQHandler
                0x000000000000725a                USB_HP_CAN1_TX_IRQHandler
                0x000000000000725a                DMA1_Channel3_IRQHandler
                0x000000000000725a                ETH_IRQHandler
                0x000000000000725a                TIM1_UP_IRQHandler
                0x000000000000725a                WWDG_IRQHandler
                0x000000000000725a                USBHSWakeup_IRQHandler
                0x000000000000725a                DMA2_Channel11_IRQHandler
                0x000000000000725a                Ecall_U_Mode_Handler
                0x000000000000725a                DMA2_Channel6_IRQHandler
                0x000000000000725a                TIM2_IRQHandler
                0x000000000000725a                SW_Handler
                0x000000000000725a                TIM1_BRK_IRQHandler
                0x000000000000725a                DMA2_Channel10_IRQHandler
                0x000000000000725a                EXTI1_IRQHandler
                0x000000000000725a                RTCAlarm_IRQHandler
                0x000000000000725a                TIM10_UP_IRQHandler
                0x000000000000725a                TIM9_TRG_COM_IRQHandler
                0x000000000000725a                UART7_IRQHandler
                0x000000000000725a                USART2_IRQHandler
                0x000000000000725a                UART6_IRQHandler
                0x000000000000725a                I2C2_ER_IRQHandler
                0x000000000000725a                DMA1_Channel2_IRQHandler
                0x000000000000725a                TIM8_BRK_IRQHandler
                0x000000000000725a                CAN1_SCE_IRQHandler
                0x000000000000725a                FLASH_IRQHandler
                0x000000000000725a                USART1_IRQHandler
                0x000000000000725a                SPI3_IRQHandler
                0x000000000000725a                I2C1_ER_IRQHandler
                0x000000000000725a                USBWakeUp_IRQHandler
                0x000000000000725a                DMA2_Channel3_IRQHandler
 .text.handle_reset
                0x000000000000725c       0x8c CMakeFiles/ch307_node.dir/SRC/Startup/startup_ch32v30x_D8C.S.obj
                0x000000000000725c                handle_reset
 .text.__clzsi2
                0x00000000000072e8       0x6e d:/mounriver_studio2/resources/app/resources/win32/components/wch/toolchain/risc-v embedded gcc12/bin/../lib/gcc/riscv-wch-elf/12.2.0\libgcc.a(_clzsi2.o)
                0x00000000000072e8                __clzsi2
 .text.calloc   0x0000000000007356        0xa d:/mounriver_studio2/resources/app/resources/win32/components/wch/toolchain/risc-v embedded gcc12/bin/../lib/gcc/riscv-wch-elf/12.2.0/../../../../riscv-wch-elf/lib\libg_nano.a(lib_a-calloc.o)
                0x0000000000007356                calloc
 .text.free     0x0000000000007360        0x8 d:/mounriver_studio2/resources/app/resources/win32/components/wch/toolchain/risc-v embedded gcc12/bin/../lib/gcc/riscv-wch-elf/12.2.0/../../../../riscv-wch-elf/lib\libg_nano.a(lib_a-malloc.o)
                0x0000000000007360                free
 .text._calloc_r
                0x0000000000007368       0x34 d:/mounriver_studio2/resources/app/resources/win32/components/wch/toolchain/risc-v embedded gcc12/bin/../lib/gcc/riscv-wch-elf/12.2.0/../../../../riscv-wch-elf/lib\libg_nano.a(lib_a-nano-callocr.o)
                0x0000000000007368                _calloc_r
 .text._free_r  0x000000000000739c       0x9e d:/mounriver_studio2/resources/app/resources/win32/components/wch/toolchain/risc-v embedded gcc12/bin/../lib/gcc/riscv-wch-elf/12.2.0/../../../../riscv-wch-elf/lib\libg_nano.a(lib_a-nano-freer.o)
                0x000000000000739c                _free_r
 .text.sbrk_aligned
                0x000000000000743a       0x54 d:/mounriver_studio2/resources/app/resources/win32/components/wch/toolchain/risc-v embedded gcc12/bin/../lib/gcc/riscv-wch-elf/12.2.0/../../../../riscv-wch-elf/lib\libg_nano.a(lib_a-nano-mallocr.o)
 .text._malloc_r
                0x000000000000748e      0x10c d:/mounriver_studio2/resources/app/resources/win32/components/wch/toolchain/risc-v embedded gcc12/bin/../lib/gcc/riscv-wch-elf/12.2.0/../../../../riscv-wch-elf/lib\libg_nano.a(lib_a-nano-mallocr.o)
                0x000000000000748e                _malloc_r
 .text._sbrk_r  0x000000000000759a       0x28 d:/mounriver_studio2/resources/app/resources/win32/components/wch/toolchain/risc-v embedded gcc12/bin/../lib/gcc/riscv-wch-elf/12.2.0/../../../../riscv-wch-elf/lib\libg_nano.a(lib_a-sbrkr.o)
                0x000000000000759a                _sbrk_r
 .text.vprintf  0x00000000000075c2       0x2c d:/mounriver_studio2/resources/app/resources/win32/components/wch/toolchain/risc-v embedded gcc12/bin/../lib/gcc/riscv-wch-elf/12.2.0/../../../../riscv-wch-elf/lib\libg_nano.a(lib_a-vprintf.o)
                0x00000000000075c2                viprintf
                0x00000000000075c2                vprintf
 .text.std      0x00000000000075ee       0x6a d:/mounriver_studio2/resources/app/resources/win32/components/wch/toolchain/risc-v embedded gcc12/bin/../lib/gcc/riscv-wch-elf/12.2.0/../../../../riscv-wch-elf/lib\libg_nano.a(lib_a-findfp.o)
 .text._cleanup_r
                0x0000000000007658        0xa d:/mounriver_studio2/resources/app/resources/win32/components/wch/toolchain/risc-v embedded gcc12/bin/../lib/gcc/riscv-wch-elf/12.2.0/../../../../riscv-wch-elf/lib\libg_nano.a(lib_a-findfp.o)
                0x0000000000007658                _cleanup_r
 .text.__sfmoreglue
                0x0000000000007662       0x48 d:/mounriver_studio2/resources/app/resources/win32/components/wch/toolchain/risc-v embedded gcc12/bin/../lib/gcc/riscv-wch-elf/12.2.0/../../../../riscv-wch-elf/lib\libg_nano.a(lib_a-findfp.o)
                0x0000000000007662                __sfmoreglue
 .text.__sfp_lock_acquire
                0x00000000000076aa        0x6 d:/mounriver_studio2/resources/app/resources/win32/components/wch/toolchain/risc-v embedded gcc12/bin/../lib/gcc/riscv-wch-elf/12.2.0/../../../../riscv-wch-elf/lib\libg_nano.a(lib_a-findfp.o)
                0x00000000000076aa                __sfp_lock_acquire
 .text.__sfp_lock_release
                0x00000000000076b0        0x6 d:/mounriver_studio2/resources/app/resources/win32/components/wch/toolchain/risc-v embedded gcc12/bin/../lib/gcc/riscv-wch-elf/12.2.0/../../../../riscv-wch-elf/lib\libg_nano.a(lib_a-findfp.o)
                0x00000000000076b0                __sfp_lock_release
 .text.__sinit_lock_acquire
                0x00000000000076b6        0x6 d:/mounriver_studio2/resources/app/resources/win32/components/wch/toolchain/risc-v embedded gcc12/bin/../lib/gcc/riscv-wch-elf/12.2.0/../../../../riscv-wch-elf/lib\libg_nano.a(lib_a-findfp.o)
                0x00000000000076b6                __sinit_lock_acquire
 .text.__sinit_lock_release
                0x00000000000076bc        0x6 d:/mounriver_studio2/resources/app/resources/win32/components/wch/toolchain/risc-v embedded gcc12/bin/../lib/gcc/riscv-wch-elf/12.2.0/../../../../riscv-wch-elf/lib\libg_nano.a(lib_a-findfp.o)
                0x00000000000076bc                __sinit_lock_release
 .text.__sinit  0x00000000000076c2       0x72 d:/mounriver_studio2/resources/app/resources/win32/components/wch/toolchain/risc-v embedded gcc12/bin/../lib/gcc/riscv-wch-elf/12.2.0/../../../../riscv-wch-elf/lib\libg_nano.a(lib_a-findfp.o)
                0x00000000000076c2                __sinit
 .text.__sfp    0x0000000000007734       0xb0 d:/mounriver_studio2/resources/app/resources/win32/components/wch/toolchain/risc-v embedded gcc12/bin/../lib/gcc/riscv-wch-elf/12.2.0/../../../../riscv-wch-elf/lib\libg_nano.a(lib_a-findfp.o)
                0x0000000000007734                __sfp
 .text._fwalk_reent
                0x00000000000077e4       0x6a d:/mounriver_studio2/resources/app/resources/win32/components/wch/toolchain/risc-v embedded gcc12/bin/../lib/gcc/riscv-wch-elf/12.2.0/../../../../riscv-wch-elf/lib\libg_nano.a(lib_a-fwalk.o)
                0x00000000000077e4                _fwalk_reent
 .text.__retarget_lock_init_recursive
                0x000000000000784e        0x2 d:/mounriver_studio2/resources/app/resources/win32/components/wch/toolchain/risc-v embedded gcc12/bin/../lib/gcc/riscv-wch-elf/12.2.0/../../../../riscv-wch-elf/lib\libg_nano.a(lib_a-lock.o)
                0x000000000000784e                __retarget_lock_init_recursive
 .text.__retarget_lock_acquire_recursive
                0x0000000000007850        0x2 d:/mounriver_studio2/resources/app/resources/win32/components/wch/toolchain/risc-v embedded gcc12/bin/../lib/gcc/riscv-wch-elf/12.2.0/../../../../riscv-wch-elf/lib\libg_nano.a(lib_a-lock.o)
                0x0000000000007850                __retarget_lock_acquire_recursive
 .text.__retarget_lock_release_recursive
                0x0000000000007852        0x2 d:/mounriver_studio2/resources/app/resources/win32/components/wch/toolchain/risc-v embedded gcc12/bin/../lib/gcc/riscv-wch-elf/12.2.0/../../../../riscv-wch-elf/lib\libg_nano.a(lib_a-lock.o)
                0x0000000000007852                __retarget_lock_release_recursive
 .text.__malloc_lock
                0x0000000000007854        0x8 d:/mounriver_studio2/resources/app/resources/win32/components/wch/toolchain/risc-v embedded gcc12/bin/../lib/gcc/riscv-wch-elf/12.2.0/../../../../riscv-wch-elf/lib\libg_nano.a(lib_a-mlock.o)
                0x0000000000007854                __malloc_lock
 .text.__malloc_unlock
                0x000000000000785c        0x8 d:/mounriver_studio2/resources/app/resources/win32/components/wch/toolchain/risc-v embedded gcc12/bin/../lib/gcc/riscv-wch-elf/12.2.0/../../../../riscv-wch-elf/lib\libg_nano.a(lib_a-mlock.o)
                0x000000000000785c                __malloc_unlock
 .text.__sfputc_r
                0x0000000000007864       0x28 d:/mounriver_studio2/resources/app/resources/win32/components/wch/toolchain/risc-v embedded gcc12/bin/../lib/gcc/riscv-wch-elf/12.2.0/../../../../riscv-wch-elf/lib\libg_nano.a(lib_a-nano-vfprintf.o)
 .text.__sfputs_r
                0x000000000000788c       0x44 d:/mounriver_studio2/resources/app/resources/win32/components/wch/toolchain/risc-v embedded gcc12/bin/../lib/gcc/riscv-wch-elf/12.2.0/../../../../riscv-wch-elf/lib\libg_nano.a(lib_a-nano-vfprintf.o)
                0x000000000000788c                __sfputs_r
 .text._vfprintf_r
                0x00000000000078d0      0x2da d:/mounriver_studio2/resources/app/resources/win32/components/wch/toolchain/risc-v embedded gcc12/bin/../lib/gcc/riscv-wch-elf/12.2.0/../../../../riscv-wch-elf/lib\libg_nano.a(lib_a-nano-vfprintf.o)
                0x00000000000078d0                _vfprintf_r
                0x00000000000078d0                _vfiprintf_r
 .text.__sread  0x0000000000007baa       0x32 d:/mounriver_studio2/resources/app/resources/win32/components/wch/toolchain/risc-v embedded gcc12/bin/../lib/gcc/riscv-wch-elf/12.2.0/../../../../riscv-wch-elf/lib\libg_nano.a(lib_a-stdio.o)
                0x0000000000007baa                __sread
 .text.__swrite
                0x0000000000007bdc       0x4e d:/mounriver_studio2/resources/app/resources/win32/components/wch/toolchain/risc-v embedded gcc12/bin/../lib/gcc/riscv-wch-elf/12.2.0/../../../../riscv-wch-elf/lib\libg_nano.a(lib_a-stdio.o)
                0x0000000000007bdc                __swrite
 .text.__sseek  0x0000000000007c2a       0x36 d:/mounriver_studio2/resources/app/resources/win32/components/wch/toolchain/risc-v embedded gcc12/bin/../lib/gcc/riscv-wch-elf/12.2.0/../../../../riscv-wch-elf/lib\libg_nano.a(lib_a-stdio.o)
                0x0000000000007c2a                __sseek
 .text.__sclose
                0x0000000000007c60        0x6 d:/mounriver_studio2/resources/app/resources/win32/components/wch/toolchain/risc-v embedded gcc12/bin/../lib/gcc/riscv-wch-elf/12.2.0/../../../../riscv-wch-elf/lib\libg_nano.a(lib_a-stdio.o)
                0x0000000000007c60                __sclose
 .text.__swbuf_r
                0x0000000000007c66       0xc2 d:/mounriver_studio2/resources/app/resources/win32/components/wch/toolchain/risc-v embedded gcc12/bin/../lib/gcc/riscv-wch-elf/12.2.0/../../../../riscv-wch-elf/lib\libg_nano.a(lib_a-wbuf.o)
                0x0000000000007c66                __swbuf_r
 .text._write_r
                0x0000000000007d28       0x2c d:/mounriver_studio2/resources/app/resources/win32/components/wch/toolchain/risc-v embedded gcc12/bin/../lib/gcc/riscv-wch-elf/12.2.0/../../../../riscv-wch-elf/lib\libg_nano.a(lib_a-writer.o)
                0x0000000000007d28                _write_r
 .text.__swsetup_r
                0x0000000000007d54       0xfe d:/mounriver_studio2/resources/app/resources/win32/components/wch/toolchain/risc-v embedded gcc12/bin/../lib/gcc/riscv-wch-elf/12.2.0/../../../../riscv-wch-elf/lib\libg_nano.a(lib_a-wsetup.o)
                0x0000000000007d54                __swsetup_r
 .text._close_r
                0x0000000000007e52       0x26 d:/mounriver_studio2/resources/app/resources/win32/components/wch/toolchain/risc-v embedded gcc12/bin/../lib/gcc/riscv-wch-elf/12.2.0/../../../../riscv-wch-elf/lib\libg_nano.a(lib_a-closer.o)
                0x0000000000007e52                _close_r
 .text.__sflush_r
                0x0000000000007e78      0x13a d:/mounriver_studio2/resources/app/resources/win32/components/wch/toolchain/risc-v embedded gcc12/bin/../lib/gcc/riscv-wch-elf/12.2.0/../../../../riscv-wch-elf/lib\libg_nano.a(lib_a-fflush.o)
                0x0000000000007e78                __sflush_r
 .text._fflush_r
                0x0000000000007fb2       0x90 d:/mounriver_studio2/resources/app/resources/win32/components/wch/toolchain/risc-v embedded gcc12/bin/../lib/gcc/riscv-wch-elf/12.2.0/../../../../riscv-wch-elf/lib\libg_nano.a(lib_a-fflush.o)
                0x0000000000007fb2                _fflush_r
 .text._lseek_r
                0x0000000000008042       0x2a d:/mounriver_studio2/resources/app/resources/win32/components/wch/toolchain/risc-v embedded gcc12/bin/../lib/gcc/riscv-wch-elf/12.2.0/../../../../riscv-wch-elf/lib\libg_nano.a(lib_a-lseekr.o)
                0x0000000000008042                _lseek_r
 .text.__swhatbuf_r
                0x000000000000806c       0x5a d:/mounriver_studio2/resources/app/resources/win32/components/wch/toolchain/risc-v embedded gcc12/bin/../lib/gcc/riscv-wch-elf/12.2.0/../../../../riscv-wch-elf/lib\libg_nano.a(lib_a-makebuf.o)
                0x000000000000806c                __swhatbuf_r
 .text.__smakebuf_r
                0x00000000000080c6       0xa6 d:/mounriver_studio2/resources/app/resources/win32/components/wch/toolchain/risc-v embedded gcc12/bin/../lib/gcc/riscv-wch-elf/12.2.0/../../../../riscv-wch-elf/lib\libg_nano.a(lib_a-makebuf.o)
                0x00000000000080c6                __smakebuf_r
 .text.memchr   0x000000000000816c       0x1a d:/mounriver_studio2/resources/app/resources/win32/components/wch/toolchain/risc-v embedded gcc12/bin/../lib/gcc/riscv-wch-elf/12.2.0/../../../../riscv-wch-elf/lib\libg_nano.a(lib_a-memchr.o)
                0x000000000000816c                memchr
 .text._printf_common
                0x0000000000008186      0x110 d:/mounriver_studio2/resources/app/resources/win32/components/wch/toolchain/risc-v embedded gcc12/bin/../lib/gcc/riscv-wch-elf/12.2.0/../../../../riscv-wch-elf/lib\libg_nano.a(lib_a-nano-vfprintf_i.o)
                0x0000000000008186                _printf_common
 .text._printf_i
                0x0000000000008296      0x286 d:/mounriver_studio2/resources/app/resources/win32/components/wch/toolchain/risc-v embedded gcc12/bin/../lib/gcc/riscv-wch-elf/12.2.0/../../../../riscv-wch-elf/lib\libg_nano.a(lib_a-nano-vfprintf_i.o)
                0x0000000000008296                _printf_i
 .text._read_r  0x000000000000851c       0x2a d:/mounriver_studio2/resources/app/resources/win32/components/wch/toolchain/risc-v embedded gcc12/bin/../lib/gcc/riscv-wch-elf/12.2.0/../../../../riscv-wch-elf/lib\libg_nano.a(lib_a-readr.o)
                0x000000000000851c                _read_r
 .text._fstat_r
                0x0000000000008546       0x28 d:/mounriver_studio2/resources/app/resources/win32/components/wch/toolchain/risc-v embedded gcc12/bin/../lib/gcc/riscv-wch-elf/12.2.0/../../../../riscv-wch-elf/lib\libg_nano.a(lib_a-fstatr.o)
                0x0000000000008546                _fstat_r
 .text._isatty_r
                0x000000000000856e       0x26 d:/mounriver_studio2/resources/app/resources/win32/components/wch/toolchain/risc-v embedded gcc12/bin/../lib/gcc/riscv-wch-elf/12.2.0/../../../../riscv-wch-elf/lib\libg_nano.a(lib_a-isattyr.o)
                0x000000000000856e                _isatty_r
 .text._close   0x0000000000008594        0xc d:/mounriver_studio2/resources/app/resources/win32/components/wch/toolchain/risc-v embedded gcc12/bin/../lib/gcc/riscv-wch-elf/12.2.0/../../../../riscv-wch-elf/lib\libnosys.a(close.o)
                0x0000000000008594                _close
 .text._fstat   0x00000000000085a0        0xc d:/mounriver_studio2/resources/app/resources/win32/components/wch/toolchain/risc-v embedded gcc12/bin/../lib/gcc/riscv-wch-elf/12.2.0/../../../../riscv-wch-elf/lib\libnosys.a(fstat.o)
                0x00000000000085a0                _fstat
 .text._isatty  0x00000000000085ac        0xc d:/mounriver_studio2/resources/app/resources/win32/components/wch/toolchain/risc-v embedded gcc12/bin/../lib/gcc/riscv-wch-elf/12.2.0/../../../../riscv-wch-elf/lib\libnosys.a(isatty.o)
                0x00000000000085ac                _isatty
 .text._lseek   0x00000000000085b8        0xc d:/mounriver_studio2/resources/app/resources/win32/components/wch/toolchain/risc-v embedded gcc12/bin/../lib/gcc/riscv-wch-elf/12.2.0/../../../../riscv-wch-elf/lib\libnosys.a(lseek.o)
                0x00000000000085b8                _lseek
 .text._read    0x00000000000085c4        0xc d:/mounriver_studio2/resources/app/resources/win32/components/wch/toolchain/risc-v embedded gcc12/bin/../lib/gcc/riscv-wch-elf/12.2.0/../../../../riscv-wch-elf/lib\libnosys.a(read.o)
                0x00000000000085c4                _read
 *(.rodata)
 *fill*         0x00000000000085d0        0x0 
 .rodata        0x00000000000085d0       0x38 hal/CMakeFiles/ch32_hal.dir/hal_tim_ch32v30x.c.obj
 .rodata        0x0000000000008608       0x28 mini_tree/libmini_tree.a(board_devtable.c.obj)
 .rodata        0x0000000000008630       0x20 mini_tree/libmini_tree.a(board_device.c.obj)
 *(.rodata*)
 .rodata.str1.4
                0x0000000000008650      0x2f7 mini_tree/libmini_tree.a(board_driver.c.obj)
 *fill*         0x0000000000008947        0x1 
 .rodata.str1.4
                0x0000000000008948       0x16 mini_tree/libmini_tree.a(board_devtable.c.obj)
                                         0x1a (size before relaxing)
 *fill*         0x000000000000895e        0x2 
 .rodata.str1.4
                0x0000000000008960       0x23 mini_tree/libmini_tree.a(production_log.c.obj)
 *fill*         0x0000000000008983        0x1 
 .rodata.str1.4
                0x0000000000008984      0x167 mini_tree/libmini_tree.a(system_init.cpp.obj)
 *fill*         0x0000000000008aeb        0x1 
 .rodata.str1.4
                0x0000000000008aec      0x141 mini_tree/libmini_tree.a(system_wdt.cpp.obj)
 *fill*         0x0000000000008c2d        0x3 
 .rodata.str1.4
                0x0000000000008c30       0x28 mini_tree/libmini_tree.a(safe_state.c.obj)
 .rodata.str1.4
                0x0000000000008c58       0x55 mini_tree/libmini_tree.a(osal_null.c.obj)
 *fill*         0x0000000000008cad        0x3 
 .rodata.str1.4
                0x0000000000008cb0       0x62 mini_tree/libmini_tree.a(board_device.c.obj)
 *fill*         0x0000000000008d12        0x2 
 .rodata.str1.4
                0x0000000000008d14      0x1bb mini_tree/libmini_tree.a(event_bus.c.obj)
 *fill*         0x0000000000008ecf        0x1 
 .rodata.__clz_tab
                0x0000000000008ed0      0x100 d:/mounriver_studio2/resources/app/resources/win32/components/wch/toolchain/risc-v embedded gcc12/bin/../lib/gcc/riscv-wch-elf/12.2.0\libgcc.a(_clz.o)
                0x0000000000008ed0                __clz_tab
 .rodata.__sf_fake_stderr
                0x0000000000008fd0       0x20 d:/mounriver_studio2/resources/app/resources/win32/components/wch/toolchain/risc-v embedded gcc12/bin/../lib/gcc/riscv-wch-elf/12.2.0/../../../../riscv-wch-elf/lib\libg_nano.a(lib_a-findfp.o)
                0x0000000000008fd0                __sf_fake_stderr
 .rodata.__sf_fake_stdout
                0x0000000000008ff0       0x20 d:/mounriver_studio2/resources/app/resources/win32/components/wch/toolchain/risc-v embedded gcc12/bin/../lib/gcc/riscv-wch-elf/12.2.0/../../../../riscv-wch-elf/lib\libg_nano.a(lib_a-findfp.o)
                0x0000000000008ff0                __sf_fake_stdout
 .rodata.__sf_fake_stdin
                0x0000000000009010       0x20 d:/mounriver_studio2/resources/app/resources/win32/components/wch/toolchain/risc-v embedded gcc12/bin/../lib/gcc/riscv-wch-elf/12.2.0/../../../../riscv-wch-elf/lib\libg_nano.a(lib_a-findfp.o)
                0x0000000000009010                __sf_fake_stdin
 .rodata._vfprintf_r.str1.4
                0x0000000000009030       0x13 d:/mounriver_studio2/resources/app/resources/win32/components/wch/toolchain/risc-v embedded gcc12/bin/../lib/gcc/riscv-wch-elf/12.2.0/../../../../riscv-wch-elf/lib\libg_nano.a(lib_a-nano-vfprintf.o)
 *fill*         0x0000000000009043        0x1 
 .rodata._printf_i.str1.4
                0x0000000000009044       0x25 d:/mounriver_studio2/resources/app/resources/win32/components/wch/toolchain/risc-v embedded gcc12/bin/../lib/gcc/riscv-wch-elf/12.2.0/../../../../riscv-wch-elf/lib\libg_nano.a(lib_a-nano-vfprintf_i.o)
 *fill*         0x0000000000009069        0x3 
 .rodata._printf_i
                0x000000000000906c       0x58 d:/mounriver_studio2/resources/app/resources/win32/components/wch/toolchain/risc-v embedded gcc12/bin/../lib/gcc/riscv-wch-elf/12.2.0/../../../../riscv-wch-elf/lib\libg_nano.a(lib_a-nano-vfprintf_i.o)
 *(.gnu.linkonce.t.*)
                0x00000000000090c4                . = ALIGN (0x4)

.rela.dyn       0x00000000000090c4        0x0
 .rela.text     0x00000000000090c4        0x0 hal/CMakeFiles/ch32_hal.dir/hal_tim_ch32v30x.c.obj
 .rela.sdata    0x00000000000090c4        0x0 hal/CMakeFiles/ch32_hal.dir/hal_tim_ch32v30x.c.obj
 .rela.init     0x00000000000090c4        0x0 hal/CMakeFiles/ch32_hal.dir/hal_tim_ch32v30x.c.obj
 .rela.vector   0x00000000000090c4        0x0 hal/CMakeFiles/ch32_hal.dir/hal_tim_ch32v30x.c.obj
 .rela.text.handle_reset
                0x00000000000090c4        0x0 hal/CMakeFiles/ch32_hal.dir/hal_tim_ch32v30x.c.obj
 .rela.text._vfprintf_r
                0x00000000000090c4        0x0 hal/CMakeFiles/ch32_hal.dir/hal_tim_ch32v30x.c.obj

.fini           0x00000000000090c4        0x0
 *(SORT_NONE(.fini))
                0x00000000000090c4                . = ALIGN (0x4)
                [!provide]                        PROVIDE (_fini = .)
                [!provide]                        PROVIDE (_etext = .)
                [!provide]                        PROVIDE (_eitcm = .)

.preinit_array  0x00000000000090c4        0x0
                [!provide]                        PROVIDE (__preinit_array_start = .)
 *(.preinit_array)
                [!provide]                        PROVIDE (__preinit_array_end = .)

.init_array     0x00000000000090c4       0x14
                [!provide]                        PROVIDE (__init_array_start = .)
 *(SORT_BY_INIT_PRIORITY(.init_array.*) SORT_BY_INIT_PRIORITY(.ctors.*))
 .init_array.00250
                0x00000000000090c4        0x4 mini_tree/libmini_tree.a(osal_null.c.obj)
 .init_array.00251
                0x00000000000090c8        0x4 mini_tree/libmini_tree.a(osal_null.c.obj)
 .init_array.00252
                0x00000000000090cc        0x4 mini_tree/libmini_tree.a(osal_null.c.obj)
 .init_array.00261
                0x00000000000090d0        0x4 mini_tree/libmini_tree.a(xtask_preempt.c.obj)
 .init_array.00270
                0x00000000000090d4        0x4 mini_tree/libmini_tree.a(interrupt.c.obj)
 *(.init_array EXCLUDE_FILE(*crtend?.o *crtend.o *crtbegin?.o *crtbegin.o) .ctors)
                [!provide]                        PROVIDE (__init_array_end = .)

.fini_array     0x00000000000090d8        0x0
                [!provide]                        PROVIDE (__fini_array_start = .)
 *(SORT_BY_INIT_PRIORITY(.fini_array.*) SORT_BY_INIT_PRIORITY(.dtors.*))
 *(.fini_array EXCLUDE_FILE(*crtend?.o *crtend.o *crtbegin?.o *crtbegin.o) .dtors)
                [!provide]                        PROVIDE (__fini_array_end = .)

.ctors
 *crtbegin.o(.ctors)
 *crtbegin?.o(.ctors)
 *(EXCLUDE_FILE(*crtend?.o *crtend.o) .ctors)
 *(SORT_BY_NAME(.ctors.*))
 *(.ctors)

.dtors
 *crtbegin.o(.dtors)
 *crtbegin?.o(.dtors)
 *(EXCLUDE_FILE(*crtend?.o *crtend.o) .dtors)
 *(SORT_BY_NAME(.dtors.*))
 *(.dtors)

.dalign         0x0000000020000000        0x0 load address 0x00000000000090d8
                0x0000000020000000                . = ALIGN (0x4)
                0x0000000020000000                PROVIDE (_data_vma = .)

.dlalign        0x00000000000090d8        0x0
                0x00000000000090d8                . = ALIGN (0x4)
                0x00000000000090d8                PROVIDE (_data_lma = .)

.data           0x0000000020000000       0x98 load address 0x00000000000090d8
 *(.gnu.linkonce.r.*)
 *(.data .data.*)
 .data          0x0000000020000000       0x10 CMakeFiles/ch307_node.dir/SRC/Core/system_ch32v30x.c.obj
                0x0000000020000000                AHBPrescTable
 .data          0x0000000020000010       0x10 hal/libch32_periph.a(ch32v30x_rcc.c.obj)
 .data.impure_data
                0x0000000020000020       0x60 d:/mounriver_studio2/resources/app/resources/win32/components/wch/toolchain/risc-v embedded gcc12/bin/../lib/gcc/riscv-wch-elf/12.2.0/../../../../riscv-wch-elf/lib\libg_nano.a(lib_a-impure.o)
 *(.gnu.linkonce.d.*)
                0x0000000020000080                . = ALIGN (0x8)
                0x0000000020000880                PROVIDE (__global_pointer$ = (. + 0x800))
 *(.sdata .sdata.*)
 .sdata         0x0000000020000080        0x4 CMakeFiles/ch307_node.dir/SRC/Core/system_ch32v30x.c.obj
                0x0000000020000080                SystemCoreClock
 .sdata         0x0000000020000084        0x4 CMakeFiles/ch307_node.dir/SRC/Debug/debug.c.obj
 .sdata         0x0000000020000088        0x4 hal/libch32_periph.a(ch32v30x_rcc.c.obj)
 .sdata._impure_ptr
                0x000000002000008c        0x4 d:/mounriver_studio2/resources/app/resources/win32/components/wch/toolchain/risc-v embedded gcc12/bin/../lib/gcc/riscv-wch-elf/12.2.0/../../../../riscv-wch-elf/lib\libg_nano.a(lib_a-impure.o)
                0x000000002000008c                _impure_ptr
 *(.sdata2.*)
 *(.gnu.linkonce.s.*)
                0x0000000020000090                . = ALIGN (0x8)
 *(.srodata.cst16)
 *(.srodata.cst8)
 *(.srodata.cst4)
 *(.srodata.cst2)
 *(.srodata .srodata.*)
 .srodata       0x0000000020000090        0x4 mini_tree/libmini_tree.a(board_probe.c.obj)
 .srodata._global_impure_ptr
                0x0000000020000094        0x4 d:/mounriver_studio2/resources/app/resources/win32/components/wch/toolchain/risc-v embedded gcc12/bin/../lib/gcc/riscv-wch-elf/12.2.0/../../../../riscv-wch-elf/lib\libg_nano.a(lib_a-impure.o)
                0x0000000020000094                _global_impure_ptr
                0x0000000020000098                . = ALIGN (0x4)
                0x0000000020000098                PROVIDE (_edata = .)

.bss            0x00000000200000c0     0x151c load address 0x0000000000009170
                0x00000000200000c0                . = ALIGN (0x4)
                0x00000000200000c0                PROVIDE (_sbss = .)
 *(.sbss*)
 .sbss          0x00000000200000c0        0x3 CMakeFiles/ch307_node.dir/SRC/Debug/debug.c.obj
 *fill*         0x00000000200000c3        0x1 
 .sbss          0x00000000200000c4        0x4 mini_tree/libmini_tree.a(board_driver.c.obj)
 .sbss          0x00000000200000c8        0x1 mini_tree/libmini_tree.a(system_init.cpp.obj)
                0x00000000200000c8                g_system_os_initialized
 *fill*         0x00000000200000c9        0x3 
 .sbss          0x00000000200000cc        0x6 mini_tree/libmini_tree.a(system_wdt.cpp.obj)
 *fill*         0x00000000200000d2        0x2 
 .sbss          0x00000000200000d4        0x4 mini_tree/libmini_tree.a(safe_state.c.obj)
 .sbss          0x00000000200000d8        0x4 mini_tree/libmini_tree.a(xtask_preempt.c.obj)
 .sbss          0x00000000200000dc        0x9 mini_tree/libmini_tree.a(osal_null.c.obj)
 *fill*         0x00000000200000e5        0x3 
 .sbss.__malloc_sbrk_start
                0x00000000200000e8        0x4 d:/mounriver_studio2/resources/app/resources/win32/components/wch/toolchain/risc-v embedded gcc12/bin/../lib/gcc/riscv-wch-elf/12.2.0/../../../../riscv-wch-elf/lib\libg_nano.a(lib_a-nano-mallocr.o)
                0x00000000200000e8                __malloc_sbrk_start
 .sbss.__malloc_free_list
                0x00000000200000ec        0x4 d:/mounriver_studio2/resources/app/resources/win32/components/wch/toolchain/risc-v embedded gcc12/bin/../lib/gcc/riscv-wch-elf/12.2.0/../../../../riscv-wch-elf/lib\libg_nano.a(lib_a-nano-mallocr.o)
                0x00000000200000ec                __malloc_free_list
 .sbss.__lock___malloc_recursive_mutex
                0x00000000200000f0        0x1 d:/mounriver_studio2/resources/app/resources/win32/components/wch/toolchain/risc-v embedded gcc12/bin/../lib/gcc/riscv-wch-elf/12.2.0/../../../../riscv-wch-elf/lib\libg_nano.a(lib_a-lock.o)
                0x00000000200000f0                __lock___malloc_recursive_mutex
 *fill*         0x00000000200000f1        0x3 
 .sbss.__lock___sfp_recursive_mutex
                0x00000000200000f4        0x1 d:/mounriver_studio2/resources/app/resources/win32/components/wch/toolchain/risc-v embedded gcc12/bin/../lib/gcc/riscv-wch-elf/12.2.0/../../../../riscv-wch-elf/lib\libg_nano.a(lib_a-lock.o)
                0x00000000200000f4                __lock___sfp_recursive_mutex
 *fill*         0x00000000200000f5        0x3 
 .sbss.__lock___sinit_recursive_mutex
                0x00000000200000f8        0x1 d:/mounriver_studio2/resources/app/resources/win32/components/wch/toolchain/risc-v embedded gcc12/bin/../lib/gcc/riscv-wch-elf/12.2.0/../../../../riscv-wch-elf/lib\libg_nano.a(lib_a-lock.o)
                0x00000000200000f8                __lock___sinit_recursive_mutex
 *fill*         0x00000000200000f9        0x3 
 .sbss.errno    0x00000000200000fc        0x4 d:/mounriver_studio2/resources/app/resources/win32/components/wch/toolchain/risc-v embedded gcc12/bin/../lib/gcc/riscv-wch-elf/12.2.0/../../../../riscv-wch-elf/lib\libg_nano.a(lib_a-reent.o)
                0x00000000200000fc                errno
 *(.gnu.linkonce.sb.*)
 *(.bss*)
 .bss           0x0000000020000100       0x20 hal/CMakeFiles/ch32_hal.dir/hal_tim_ch32v30x.c.obj
 .bss           0x0000000020000120       0x54 mini_tree/libmini_tree.a(system_wdt.cpp.obj)
 *fill*         0x0000000020000174        0xc 
 .bss           0x0000000020000180      0x4d8 mini_tree/libmini_tree.a(interrupt.c.obj)
                0x0000000020000180                interrupt_virtual_top_half
                0x00000000200002a0                interrupt_virtual_bottom_half_work
                0x00000000200003c0                interrupt_virtual_arg
                0x0000000020000640                g_i2s_bottom_half_work
                0x000000002000064c                g_adc_dma_bottom_half_work
 .bss           0x0000000020000658      0x1f0 mini_tree/libmini_tree.a(xtask_preempt.c.obj)
                0x000000002000083c                g_scheduler
 *fill*         0x0000000020000848       0x38 
 .bss           0x0000000020000880      0xac0 mini_tree/libmini_tree.a(osal_null.c.obj)
 .bss           0x0000000020001340       0xa4 mini_tree/libmini_tree.a(board_device.c.obj)
 .bss           0x00000000200013e4      0x1f8 mini_tree/libmini_tree.a(event_bus.c.obj)
 *(.gnu.linkonce.b.*)
 *(COMMON*)
                0x00000000200015dc                . = ALIGN (0x4)
                0x00000000200015dc                PROVIDE (_ebss = .)
                0x00000000200015dc                PROVIDE (_end = _ebss)
                [!provide]                        PROVIDE (end = .)

.stack          0x0000000020007c00      0x400
                0x0000000020007c00                PROVIDE (_heap_end = .)
                0x0000000020007c00                . = ALIGN (0x4)
                [!provide]                        PROVIDE (_susrstack = .)
                0x0000000020008000                . = (. + __stack_size)
 *fill*         0x0000000020007c00      0x400 
                0x0000000020008000                PROVIDE (_eusrstack = .)
                [!provide]                        PROVIDE (__freertos_irq_stack_top = _eusrstack)
OUTPUT(ch307_node elf32-littleriscv)

.debug_info     0x0000000000000000    0x12c85
 .debug_info    0x0000000000000000     0x1a7f hal/CMakeFiles/ch32_hal.dir/hal_tim_ch32v30x.c.obj
 .debug_info    0x0000000000001a7f      0x2e1 CMakeFiles/ch307_node.dir/SRC/Core/system_ch32v30x.c.obj
 .debug_info    0x0000000000001d60      0x6d9 CMakeFiles/ch307_node.dir/SRC/Debug/debug.c.obj
 .debug_info    0x0000000000002439       0x9f CMakeFiles/ch307_node.dir/SRC/User/ch32v30x_it.c.obj
 .debug_info    0x00000000000024d8       0x23 CMakeFiles/ch307_node.dir/SRC/Startup/startup_ch32v30x_D8C.S.obj
 .debug_info    0x00000000000024fb      0x782 CMakeFiles/ch307_node.dir/app/src/main.cpp.obj
 .debug_info    0x0000000000002c7d      0x18f CMakeFiles/ch307_node.dir/hal/atomic_stub.c.obj
 .debug_info    0x0000000000002e0c     0x17c6 mini_tree/libmini_tree.a(board_driver.c.obj)
 .debug_info    0x00000000000045d2      0x469 mini_tree/libmini_tree.a(board_devtable.c.obj)
 .debug_info    0x0000000000004a3b      0x6b8 mini_tree/libmini_tree.a(board_probe.c.obj)
 .debug_info    0x00000000000050f3      0x273 mini_tree/libmini_tree.a(production_log.c.obj)
 .debug_info    0x0000000000005366      0xb83 mini_tree/libmini_tree.a(system_init.cpp.obj)
 .debug_info    0x0000000000005ee9      0xcea mini_tree/libmini_tree.a(system_wdt.cpp.obj)
 .debug_info    0x0000000000006bd3      0x19d mini_tree/libmini_tree.a(safe_state.c.obj)
 .debug_info    0x0000000000006d70      0xad7 mini_tree/libmini_tree.a(interrupt.c.obj)
 .debug_info    0x0000000000007847     0x160f mini_tree/libmini_tree.a(xtask_preempt.c.obj)
 .debug_info    0x0000000000008e56     0x1fab mini_tree/libmini_tree.a(osal_null.c.obj)
 .debug_info    0x000000000000ae01      0x212 mini_tree/libmini_tree.a(hal_iwdg.c.obj)
 .debug_info    0x000000000000b013       0xb9 mini_tree/libmini_tree.a(hal_platform_safety.c.obj)
 .debug_info    0x000000000000b0cc       0xe6 mini_tree/libmini_tree.a(hal_systick.c.obj)
 .debug_info    0x000000000000b1b2     0x1ed6 mini_tree/libmini_tree.a(board_device.c.obj)
 .debug_info    0x000000000000d088      0x432 mini_tree/libmini_tree.a(dev_lifecycle.c.obj)
 .debug_info    0x000000000000d4ba      0x10d mini_tree/libmini_tree.a(printf_output.c.obj)
 .debug_info    0x000000000000d5c7      0xafe mini_tree/libmini_tree.a(event_bus.c.obj)
 .debug_info    0x000000000000e0c5      0x9f0 mini_tree/libmini_tree.a(circle_fifo_buffer.c.obj)
 .debug_info    0x000000000000eab5      0xadf hal/libch32_periph.a(ch32v30x_gpio.c.obj)
 .debug_info    0x000000000000f594      0xbfa hal/libch32_periph.a(ch32v30x_rcc.c.obj)
 .debug_info    0x000000000001018e      0xb3c hal/libch32_periph.a(ch32v30x_usart.c.obj)
 .debug_info    0x0000000000010cca     0x1fbb hal/libch32_periph.a(ch32v30x_tim.c.obj)

.debug_abbrev   0x0000000000000000     0x3de0
 .debug_abbrev  0x0000000000000000      0x332 hal/CMakeFiles/ch32_hal.dir/hal_tim_ch32v30x.c.obj
 .debug_abbrev  0x0000000000000332      0x191 CMakeFiles/ch307_node.dir/SRC/Core/system_ch32v30x.c.obj
 .debug_abbrev  0x00000000000004c3      0x235 CMakeFiles/ch307_node.dir/SRC/Debug/debug.c.obj
 .debug_abbrev  0x00000000000006f8       0x47 CMakeFiles/ch307_node.dir/SRC/User/ch32v30x_it.c.obj
 .debug_abbrev  0x000000000000073f       0x12 CMakeFiles/ch307_node.dir/SRC/Startup/startup_ch32v30x_D8C.S.obj
 .debug_abbrev  0x0000000000000751      0x1a4 CMakeFiles/ch307_node.dir/app/src/main.cpp.obj
 .debug_abbrev  0x00000000000008f5       0xf5 CMakeFiles/ch307_node.dir/hal/atomic_stub.c.obj
 .debug_abbrev  0x00000000000009ea      0x409 mini_tree/libmini_tree.a(board_driver.c.obj)
 .debug_abbrev  0x0000000000000df3      0x19e mini_tree/libmini_tree.a(board_devtable.c.obj)
 .debug_abbrev  0x0000000000000f91      0x19b mini_tree/libmini_tree.a(board_probe.c.obj)
 .debug_abbrev  0x000000000000112c      0x164 mini_tree/libmini_tree.a(production_log.c.obj)
 .debug_abbrev  0x0000000000001290      0x2d0 mini_tree/libmini_tree.a(system_init.cpp.obj)
 .debug_abbrev  0x0000000000001560      0x2d9 mini_tree/libmini_tree.a(system_wdt.cpp.obj)
 .debug_abbrev  0x0000000000001839      0x141 mini_tree/libmini_tree.a(safe_state.c.obj)
 .debug_abbrev  0x000000000000197a      0x40a mini_tree/libmini_tree.a(interrupt.c.obj)
 .debug_abbrev  0x0000000000001d84      0x462 mini_tree/libmini_tree.a(xtask_preempt.c.obj)
 .debug_abbrev  0x00000000000021e6      0x575 mini_tree/libmini_tree.a(osal_null.c.obj)
 .debug_abbrev  0x000000000000275b       0xd6 mini_tree/libmini_tree.a(hal_iwdg.c.obj)
 .debug_abbrev  0x0000000000002831       0x62 mini_tree/libmini_tree.a(hal_platform_safety.c.obj)
 .debug_abbrev  0x0000000000002893       0x9b mini_tree/libmini_tree.a(hal_systick.c.obj)
 .debug_abbrev  0x000000000000292e      0x42d mini_tree/libmini_tree.a(board_device.c.obj)
 .debug_abbrev  0x0000000000002d5b      0x191 mini_tree/libmini_tree.a(dev_lifecycle.c.obj)
 .debug_abbrev  0x0000000000002eec       0xcc mini_tree/libmini_tree.a(printf_output.c.obj)
 .debug_abbrev  0x0000000000002fb8      0x399 mini_tree/libmini_tree.a(event_bus.c.obj)
 .debug_abbrev  0x0000000000003351      0x1ae mini_tree/libmini_tree.a(circle_fifo_buffer.c.obj)
 .debug_abbrev  0x00000000000034ff      0x231 hal/libch32_periph.a(ch32v30x_gpio.c.obj)
 .debug_abbrev  0x0000000000003730      0x252 hal/libch32_periph.a(ch32v30x_rcc.c.obj)
 .debug_abbrev  0x0000000000003982      0x225 hal/libch32_periph.a(ch32v30x_usart.c.obj)
 .debug_abbrev  0x0000000000003ba7      0x239 hal/libch32_periph.a(ch32v30x_tim.c.obj)

.debug_aranges  0x0000000000000000      0x3b0
 .debug_aranges
                0x0000000000000000       0x20 hal/CMakeFiles/ch32_hal.dir/hal_tim_ch32v30x.c.obj
 .debug_aranges
                0x0000000000000020       0x20 CMakeFiles/ch307_node.dir/SRC/Core/system_ch32v30x.c.obj
 .debug_aranges
                0x0000000000000040       0x20 CMakeFiles/ch307_node.dir/SRC/Debug/debug.c.obj
 .debug_aranges
                0x0000000000000060       0x20 CMakeFiles/ch307_node.dir/SRC/User/ch32v30x_it.c.obj
 .debug_aranges
                0x0000000000000080       0x30 CMakeFiles/ch307_node.dir/SRC/Startup/startup_ch32v30x_D8C.S.obj
 .debug_aranges
                0x00000000000000b0       0x20 CMakeFiles/ch307_node.dir/app/src/main.cpp.obj
 .debug_aranges
                0x00000000000000d0       0x20 CMakeFiles/ch307_node.dir/hal/atomic_stub.c.obj
 .debug_aranges
                0x00000000000000f0       0x20 mini_tree/libmini_tree.a(board_driver.c.obj)
 .debug_aranges
                0x0000000000000110       0x20 mini_tree/libmini_tree.a(board_devtable.c.obj)
 .debug_aranges
                0x0000000000000130       0x20 mini_tree/libmini_tree.a(board_probe.c.obj)
 .debug_aranges
                0x0000000000000150       0x20 mini_tree/libmini_tree.a(production_log.c.obj)
 .debug_aranges
                0x0000000000000170       0x20 mini_tree/libmini_tree.a(system_init.cpp.obj)
 .debug_aranges
                0x0000000000000190       0x20 mini_tree/libmini_tree.a(system_wdt.cpp.obj)
 .debug_aranges
                0x00000000000001b0       0x20 mini_tree/libmini_tree.a(safe_state.c.obj)
 .debug_aranges
                0x00000000000001d0       0x20 mini_tree/libmini_tree.a(interrupt.c.obj)
 .debug_aranges
                0x00000000000001f0       0x20 mini_tree/libmini_tree.a(xtask_preempt.c.obj)
 .debug_aranges
                0x0000000000000210       0x20 mini_tree/libmini_tree.a(osal_null.c.obj)
 .debug_aranges
                0x0000000000000230       0x20 mini_tree/libmini_tree.a(hal_iwdg.c.obj)
 .debug_aranges
                0x0000000000000250       0x20 mini_tree/libmini_tree.a(hal_platform_safety.c.obj)
 .debug_aranges
                0x0000000000000270       0x20 mini_tree/libmini_tree.a(hal_systick.c.obj)
 .debug_aranges
                0x0000000000000290       0x20 mini_tree/libmini_tree.a(board_device.c.obj)
 .debug_aranges
                0x00000000000002b0       0x20 mini_tree/libmini_tree.a(dev_lifecycle.c.obj)
 .debug_aranges
                0x00000000000002d0       0x20 mini_tree/libmini_tree.a(printf_output.c.obj)
 .debug_aranges
                0x00000000000002f0       0x20 mini_tree/libmini_tree.a(event_bus.c.obj)
 .debug_aranges
                0x0000000000000310       0x20 mini_tree/libmini_tree.a(circle_fifo_buffer.c.obj)
 .debug_aranges
                0x0000000000000330       0x20 hal/libch32_periph.a(ch32v30x_gpio.c.obj)
 .debug_aranges
                0x0000000000000350       0x20 hal/libch32_periph.a(ch32v30x_rcc.c.obj)
 .debug_aranges
                0x0000000000000370       0x20 hal/libch32_periph.a(ch32v30x_usart.c.obj)
 .debug_aranges
                0x0000000000000390       0x20 hal/libch32_periph.a(ch32v30x_tim.c.obj)

.debug_line     0x0000000000000000    0x133bc
 .debug_line    0x0000000000000000     0x1609 hal/CMakeFiles/ch32_hal.dir/hal_tim_ch32v30x.c.obj
 .debug_line    0x0000000000001609      0x769 CMakeFiles/ch307_node.dir/SRC/Core/system_ch32v30x.c.obj
 .debug_line    0x0000000000001d72      0x59a CMakeFiles/ch307_node.dir/SRC/Debug/debug.c.obj
 .debug_line    0x000000000000230c      0x1bd CMakeFiles/ch307_node.dir/SRC/User/ch32v30x_it.c.obj
 .debug_line    0x00000000000024c9      0x11a CMakeFiles/ch307_node.dir/SRC/Startup/startup_ch32v30x_D8C.S.obj
 .debug_line    0x00000000000025e3      0x211 CMakeFiles/ch307_node.dir/app/src/main.cpp.obj
 .debug_line    0x00000000000027f4      0x182 CMakeFiles/ch307_node.dir/hal/atomic_stub.c.obj
 .debug_line    0x0000000000002976     0x1074 mini_tree/libmini_tree.a(board_driver.c.obj)
 .debug_line    0x00000000000039ea      0x389 mini_tree/libmini_tree.a(board_devtable.c.obj)
 .debug_line    0x0000000000003d73      0x263 mini_tree/libmini_tree.a(board_probe.c.obj)
 .debug_line    0x0000000000003fd6      0x233 mini_tree/libmini_tree.a(production_log.c.obj)
 .debug_line    0x0000000000004209      0x425 mini_tree/libmini_tree.a(system_init.cpp.obj)
 .debug_line    0x000000000000462e      0x5c0 mini_tree/libmini_tree.a(system_wdt.cpp.obj)
 .debug_line    0x0000000000004bee      0x24b mini_tree/libmini_tree.a(safe_state.c.obj)
 .debug_line    0x0000000000004e39      0x789 mini_tree/libmini_tree.a(interrupt.c.obj)
 .debug_line    0x00000000000055c2     0x1125 mini_tree/libmini_tree.a(xtask_preempt.c.obj)
 .debug_line    0x00000000000066e7     0x206b mini_tree/libmini_tree.a(osal_null.c.obj)
 .debug_line    0x0000000000008752      0x1bd mini_tree/libmini_tree.a(hal_iwdg.c.obj)
 .debug_line    0x000000000000890f      0x140 mini_tree/libmini_tree.a(hal_platform_safety.c.obj)
 .debug_line    0x0000000000008a4f      0x14e mini_tree/libmini_tree.a(hal_systick.c.obj)
 .debug_line    0x0000000000008b9d     0x244b mini_tree/libmini_tree.a(board_device.c.obj)
 .debug_line    0x000000000000afe8      0x6f7 mini_tree/libmini_tree.a(dev_lifecycle.c.obj)
 .debug_line    0x000000000000b6df      0x16d mini_tree/libmini_tree.a(printf_output.c.obj)
 .debug_line    0x000000000000b84c      0x950 mini_tree/libmini_tree.a(event_bus.c.obj)
 .debug_line    0x000000000000c19c     0x1045 mini_tree/libmini_tree.a(circle_fifo_buffer.c.obj)
 .debug_line    0x000000000000d1e1     0x1079 hal/libch32_periph.a(ch32v30x_gpio.c.obj)
 .debug_line    0x000000000000e25a     0x1821 hal/libch32_periph.a(ch32v30x_rcc.c.obj)
 .debug_line    0x000000000000fa7b      0xd92 hal/libch32_periph.a(ch32v30x_usart.c.obj)
 .debug_line    0x000000000001080d     0x2baf hal/libch32_periph.a(ch32v30x_tim.c.obj)

.debug_str      0x0000000000000000    0x48adc
 .debug_str     0x0000000000000000      0xe03 hal/CMakeFiles/ch32_hal.dir/hal_tim_ch32v30x.c.obj
                                        0xf6e (size before relaxing)
 .debug_str     0x0000000000000e03    0x3caba CMakeFiles/ch307_node.dir/SRC/Core/system_ch32v30x.c.obj
                                      0x3cd88 (size before relaxing)
 .debug_str     0x000000000003d8bd      0x1ea CMakeFiles/ch307_node.dir/SRC/Debug/debug.c.obj
                                      0x3d03e (size before relaxing)
 .debug_str     0x000000000003daa7       0x1e CMakeFiles/ch307_node.dir/SRC/User/ch32v30x_it.c.obj
                                      0x3cc1e (size before relaxing)
 .debug_str     0x000000000003dac5       0xc1 CMakeFiles/ch307_node.dir/SRC/Startup/startup_ch32v30x_D8C.S.obj
 .debug_str     0x000000000003db86     0x5745 CMakeFiles/ch307_node.dir/app/src/main.cpp.obj
                                       0xb4ce (size before relaxing)
 .debug_str     0x00000000000432cb       0xe6 CMakeFiles/ch307_node.dir/hal/atomic_stub.c.obj
                                       0x35a4 (size before relaxing)
 .debug_str     0x00000000000433b1      0xd60 mini_tree/libmini_tree.a(board_driver.c.obj)
                                       0xa202 (size before relaxing)
 .debug_str     0x0000000000044111       0x5e mini_tree/libmini_tree.a(board_devtable.c.obj)
                                       0x84f5 (size before relaxing)
 .debug_str     0x000000000004416f       0x9f mini_tree/libmini_tree.a(board_probe.c.obj)
                                       0x860d (size before relaxing)
 .debug_str     0x000000000004420e      0x1ea mini_tree/libmini_tree.a(production_log.c.obj)
                                       0x9711 (size before relaxing)
 .debug_str     0x00000000000443f8      0x768 mini_tree/libmini_tree.a(system_init.cpp.obj)
                                       0xcd98 (size before relaxing)
 .debug_str     0x0000000000044b60      0x1f6 mini_tree/libmini_tree.a(system_wdt.cpp.obj)
                                       0xc5f9 (size before relaxing)
 .debug_str     0x0000000000044d56       0xab mini_tree/libmini_tree.a(safe_state.c.obj)
                                       0x960a (size before relaxing)
 .debug_str     0x0000000000044e01      0x561 mini_tree/libmini_tree.a(interrupt.c.obj)
                                       0x9f35 (size before relaxing)
 .debug_str     0x0000000000045362      0x8b4 mini_tree/libmini_tree.a(xtask_preempt.c.obj)
                                       0xaf33 (size before relaxing)
 .debug_str     0x0000000000045c16      0x845 mini_tree/libmini_tree.a(osal_null.c.obj)
                                       0xa83a (size before relaxing)
 .debug_str     0x000000000004645b       0x18 mini_tree/libmini_tree.a(hal_iwdg.c.obj)
                                       0x8266 (size before relaxing)
 .debug_str     0x0000000000046473       0x17 mini_tree/libmini_tree.a(hal_platform_safety.c.obj)
                                       0x81f8 (size before relaxing)
 .debug_str     0x000000000004648a       0xf5 mini_tree/libmini_tree.a(hal_systick.c.obj)
                                       0x8366 (size before relaxing)
 .debug_str     0x000000000004657f      0x2aa mini_tree/libmini_tree.a(board_device.c.obj)
                                       0x9f7a (size before relaxing)
 .debug_str     0x0000000000046829      0x167 mini_tree/libmini_tree.a(dev_lifecycle.c.obj)
                                       0x9641 (size before relaxing)
 .debug_str     0x0000000000046990     0x9337 mini_tree/libmini_tree.a(printf_output.c.obj)
 .debug_str     0x0000000000046990      0x1f2 mini_tree/libmini_tree.a(event_bus.c.obj)
                                       0x9ccf (size before relaxing)
 .debug_str     0x0000000000046b82      0x16b mini_tree/libmini_tree.a(circle_fifo_buffer.c.obj)
                                       0x68ea (size before relaxing)
 .debug_str     0x0000000000046ced      0x348 hal/libch32_periph.a(ch32v30x_gpio.c.obj)
                                      0x3d0f3 (size before relaxing)
 .debug_str     0x0000000000047035      0xaa0 hal/libch32_periph.a(ch32v30x_rcc.c.obj)
                                      0x3d866 (size before relaxing)
 .debug_str     0x0000000000047ad5      0x68f hal/libch32_periph.a(ch32v30x_usart.c.obj)
                                      0x3d4d7 (size before relaxing)
 .debug_str     0x0000000000048164      0x978 hal/libch32_periph.a(ch32v30x_tim.c.obj)
                                      0x3d964 (size before relaxing)

.debug_line_str
                0x0000000000000000     0x207d
 .debug_line_str
                0x0000000000000000      0x47c hal/CMakeFiles/ch32_hal.dir/hal_tim_ch32v30x.c.obj
                                        0x4fc (size before relaxing)
 .debug_line_str
                0x000000000000047c      0x39e CMakeFiles/ch307_node.dir/SRC/Core/system_ch32v30x.c.obj
                                        0x730 (size before relaxing)
 .debug_line_str
                0x000000000000081a       0x55 CMakeFiles/ch307_node.dir/SRC/Debug/debug.c.obj
                                        0x713 (size before relaxing)
 .debug_line_str
                0x000000000000086f       0x5a CMakeFiles/ch307_node.dir/SRC/User/ch32v30x_it.c.obj
                                        0x724 (size before relaxing)
 .debug_line_str
                0x00000000000008c9       0x66 CMakeFiles/ch307_node.dir/SRC/Startup/startup_ch32v30x_D8C.S.obj
                                         0xcc (size before relaxing)
 .debug_line_str
                0x000000000000092f      0x746 CMakeFiles/ch307_node.dir/app/src/main.cpp.obj
                                        0xad9 (size before relaxing)
 .debug_line_str
                0x0000000000001075       0x55 CMakeFiles/ch307_node.dir/hal/atomic_stub.c.obj
                                        0x3a5 (size before relaxing)
 .debug_line_str
                0x00000000000010ca      0x24f mini_tree/libmini_tree.a(board_driver.c.obj)
                                        0x902 (size before relaxing)
 .debug_line_str
                0x0000000000001319       0x7a mini_tree/libmini_tree.a(board_devtable.c.obj)
                                        0x691 (size before relaxing)
 .debug_line_str
                0x0000000000001393       0x77 mini_tree/libmini_tree.a(board_probe.c.obj)
                                        0x688 (size before relaxing)
 .debug_line_str
                0x000000000000140a      0x124 mini_tree/libmini_tree.a(production_log.c.obj)
                                        0x70e (size before relaxing)
 .debug_line_str
                0x000000000000152e      0x24b mini_tree/libmini_tree.a(system_init.cpp.obj)
                                        0xcf8 (size before relaxing)
 .debug_line_str
                0x0000000000001779       0xcc mini_tree/libmini_tree.a(system_wdt.cpp.obj)
                                        0xb51 (size before relaxing)
 .debug_line_str
                0x0000000000001845       0x69 mini_tree/libmini_tree.a(safe_state.c.obj)
                                        0x770 (size before relaxing)
 .debug_line_str
                0x00000000000018ae       0x6e mini_tree/libmini_tree.a(interrupt.c.obj)